🧹 Очистка старой структуры Second Brain...
🍪 Cookies загружены
✅ Уже авторизованы
============================================================
🔍 Сбор структуры...
============================================================
🌐 https://netology.ru/profile/program/bhebfad-25/schedule
📚 Найдено разделов: 23
  ✅ Адаптационный модуль для бакалавриата «Финансы и анализ данных» (program: bhebfad-25-am-1)
  ✅ Опрос про обучение в бакалавриате (program: bhebfad-25-opros-1)
  ✅ 1 курс, 2 семестр: Введение в специальность (program: bhebfad-25-vvs-2)
  ✅ 1 курс, 2 семестр: Теория вероятностей и математическая статистика в профессиональной деятельности (program: bhebfad-25-tv-2)
  ✅ 1 курс, 2 семестр: Безопасность жизнедеятельности (program: bhebfad-25-bzhd-2)
  ✅ 1 курс, 2 семестр: Иностранный язык (program: bhebfad-25-iya-2)
  ✅ 1 курс, 2 семестр: Философия (program: bhebfad-25-fil-2)
  ✅ 1 курс, 2 семестр: Логика. Теория аргументации (program: bhebfad-25-lta-2)
  ✅ 1 курс, 2 семестр: Основы российской государственности (program: bhebfad-25-org-2)
  ✅ 1 курс, 2 семестр: Экономическая теория (program: bhebfad-25-et-2)
  ✅ 1 курс, 2 семестр: История экономических учений (program: bhebfad-25-ieu-2)
  ✅ 1 курс, 2 семестр: Мировая экономика и международные экономические отношения (program: bhebfad-25-memeo-2)
  ✅ 1 курс, 2 семестр: Учебно-научный семинар (program: bhebfad-25-uns-2)
  ✅ 1 курс, 2 семестр: Политология (program: bhebfad-25-pol-2)
  ✅ 1 курс, 1 семестр: Элементы высшей математики (program: bhebfad-25-evm-1)
  ✅ 1 курс, 1 семестр: Структуры данных и алгоритмы (program: bhebfad-25-sda-1)
  ✅ 1 курс, 1 семестр: IT-системы в экономике (program: bhebfad-25-isve-1)
  ✅ 1 курс, 1 семестр: Экономическая теория (program: bhebfad-25-et-1)
  ✅ 1 курс, 1 семестр: Финансовый университет: история и современность (program: bhebfad-25-fuis-1)
  ✅ 1 курс, 1 семестр: Иностранный язык (program: bhebfad-25-iya-1)
  ✅ 1 курс, 1 семестр: Физическая культура и спорт (program: bhebfad-25-fks-1)
  ✅ 1 курс, 1 семестр: Основы права (program: bhebfad-25-op-1)
  ✅ 1 курс, 1 семестр: История России (program: bhebfad-25-ir-1)

📚 Предмет: Бакалавриат «Финансы и анализ данных» c Финансовым университетом1 сентября 2025 — 30 июля 2029
   Разделов: 23
   🔍 Фильтр: только разделы содержащие 'Мировая экономика'
   🔍 Фильтр: только разделы содержащие 'Мировая экономика'

📂 1 курс, 2 семестр: Мировая экономика и международные экономические отношения
🌐 https://netology.ru/profile/program/bhebfad-25-memeo-2/schedule
   Найдено занятий: 42
   📖 Рабочая программа дисциплины
🌐 https://netology.ru/profile/program/bhebfad-25-memeo-2/lessons/592809
📄 Найдено материалов: 2
  ✅ Рабочая программа дисциплины
  ✅ Критерии оценивания по дисциплине «Мировая экономика и международные экономические отношения»
   📖 Тема 1 «Мировая экономика и ее основные субъекты. Международное разделение труда как материальная основа мировой экономики»
🌐 https://netology.ru/profile/program/bhebfad-25-memeo-2/lessons/592810
📄 Найдено материалов: 3
  ✅ Тема 1 «Мировая экономика и ее основные субъекты. Международное разделение труда как материальная основа мировой экономики» (часть 1)
  ✅ Тема 1 «Мировая экономика и ее основные субъекты. Международное разделение труда как материальная основа мировой экономики» (часть 2)
  ✅ ТЕМА 1. Вопросы для самоконтроля
   📖 Тема 2 «Ресурсная база мирового хозяйства»
🌐 https://netology.ru/profile/program/bhebfad-25-memeo-2/lessons/592811
📄 Найдено материалов: 2
  ✅ Тема 2 «Ресурсная база мирового хозяйства»
  ✅ ТЕМА 2. Вопросы для самоконтроля
   📖 Тема 3 «Неравномерность экономического развития стран в мировой экономике»
🌐 https://netology.ru/profile/program/bhebfad-25-memeo-2/lessons/592812
📄 Найдено материалов: 2
  ✅ Тема 3 «Неравномерность экономического развития стран в мировой экономике»
  ✅ ТЕМА 3. Вопросы для самоконтроля
   📖 Тема 4 «Международные экономические отношения и их современные формы»
🌐 https://netology.ru/profile/program/bhebfad-25-memeo-2/lessons/592813
📄 Найдено материалов: 2
  ✅ ТЕМА 4. Вопросы для самоконтроля
  ✅ Тема 4 «Международные экономические отношения и их современные формы»
   📖 Тема 5 «Современный мировой рынок, его структура, конъюнктура. Ценообразование на мировых товарных рынках»
🌐 https://netology.ru/profile/program/bhebfad-25-memeo-2/lessons/592814
📄 Найдено материалов: 2
  ✅ Тема 5 «Современный мировой рынок, его структура, конъюнктура. Ценообразование на мировых товарных рынках»
  ✅ ТЕМА 5. Вопросы для самоконтроля
   📖 Тема 6 «Международная торговля и ее регулирование»
🌐 https://netology.ru/profile/program/bhebfad-25-memeo-2/lessons/592815
📄 Найдено материалов: 2
  ✅ Тема 6 «Международная торговля и ее регулирование»
  ✅ ТЕМА 6. Вопросы для самоконтроля
   📖 Тема 7 «Международное движение факторов производства»
🌐 https://netology.ru/profile/program/bhebfad-25-memeo-2/lessons/592816
📄 Найдено материалов: 3
  ✅ Тема 7 «Международное движение факторов производства» (часть 1)
  ✅ Тема 7 «Международное движение факторов производства» (часть 2)
  ✅ ТЕМА 7. Вопросы для самоконтроля
   📖 Тема 8 «Валютные отношения в мировой экономике»
🌐 https://netology.ru/profile/program/bhebfad-25-memeo-2/lessons/592817
📄 Найдено материалов: 7
  ✅ Валютные отношения в мировой экономике. Конвертируемость
  ✅ Тема 8 «Валютные отношения в мировой экономике»
  ✅ Валютные отношения в мировой экономике Часть 1
  ✅ Валютные отношения в мировой экономике Часть 2
  ✅ Эволюция мировой валютной системы Часть 3
  ✅ Валютные отношения в мировой экономике. Роль золота в МВО
  ✅ ТЕМА 8. Вопросы для самоконтроля
   📖 Тема 9 «Международная экономическая интеграция»
🌐 https://netology.ru/profile/program/bhebfad-25-memeo-2/lessons/592818
📄 Найдено материалов: 2
  ✅ Международная экономическая интеграция
  ✅ ТЕМА 9. Вопросы для самоконтроля
   📖 Тема 10 «Международные экономические организации и участие России в их деятельности»
🌐 https://netology.ru/profile/program/bhebfad-25-memeo-2/lessons/592819
📄 Найдено материалов: 4
  ✅ Международный валютный фонд
  ✅ Международные региональные банки развития
  ✅ Международные экономические организации и участие России в их деятельности
  ✅ Тема 10. Вопросы для самоконтроля
   📖 Домашнее задание 1
🌐 https://netology.ru/profile/program/bhebfad-25-memeo-2/lessons/594465
📄 Найдено материалов: 1
  ✅ Домашнее задание по Теме 1 - до 17.03
   📖 Домашнее задание 2
🌐 https://netology.ru/profile/program/bhebfad-25-memeo-2/lessons/594475
📄 Найдено материалов: 1
  ✅ Задание 2
   📖 Домашнее задание 3
🌐 https://netology.ru/profile/program/bhebfad-25-memeo-2/lessons/595076
📄 Найдено материалов: 1
  ✅ Задание 3
   📖 Домашнее задание 4
🌐 https://netology.ru/profile/program/bhebfad-25-memeo-2/lessons/595077
📄 Найдено материалов: 1
  ✅ Задание 4
   📖 Домашнее задание 5
🌐 https://netology.ru/profile/program/bhebfad-25-memeo-2/lessons/595086
📄 Найдено материалов: 1
  ✅ Задание 5
   📖 Домашнее задание 6
🌐 https://netology.ru/profile/program/bhebfad-25-memeo-2/lessons/595087
📄 Найдено материалов: 1
  ✅ Задание 6
   📖 Домашнее задание 7
🌐 https://netology.ru/profile/program/bhebfad-25-memeo-2/lessons/595088
📄 Найдено материалов: 1
  ✅ Задание 7
   📖 Домашнее задание 8
🌐 https://netology.ru/profile/program/bhebfad-25-memeo-2/lessons/595089
📄 Найдено материалов: 1
  ✅ Задание 8
   📖 Домашнее задание 9
🌐 https://netology.ru/profile/program/bhebfad-25-memeo-2/lessons/595090
📄 Найдено материалов: 1
  ✅ Задание 9
   📖 Домашнее задание 10
🌐 https://netology.ru/profile/program/bhebfad-25-memeo-2/lessons/595091
📄 Найдено материалов: 1
  ✅ Задание 10
   📖 Вебинар 17.02
🌐 https://netology.ru/profile/program/bhebfad-25-memeo-2/lessons/595092
📄 Найдено материалов: 1
  ✅ Мировая экономика и международные экономические отношения
   📖 Вебинар 19.02
🌐 https://netology.ru/profile/program/bhebfad-25-memeo-2/lessons/594458
📄 Найдено материалов: 1
  ✅ Мировая экономика и международные экономические отношения
   📖 Вебинар 24.02
🌐 https://netology.ru/profile/program/bhebfad-25-memeo-2/lessons/594473
📄 Найдено материалов: 1
  ✅ Мировая экономика и международные экономические отношения
   📖 Вебинар 05.03
🌐 https://netology.ru/profile/program/bhebfad-25-memeo-2/lessons/595072
📄 Найдено материалов: 1
  ✅ Мировая экономика и международные экономические отношения
   📖 Вебинар 10.03
🌐 https://netology.ru/profile/program/bhebfad-25-memeo-2/lessons/595073
📄 Найдено материалов: 1
  ✅ Мировая экономика и международные экономические отношения
   📖 Вебинар 17.03
🌐 https://netology.ru/profile/program/bhebfad-25-memeo-2/lessons/595074
📄 Найдено материалов: 1
  ✅ Мировая экономика и международные экономические отношения
   📖 Вебинар 24.03
🌐 https://netology.ru/profile/program/bhebfad-25-memeo-2/lessons/595075
📄 Найдено материалов: 1
  ✅ Мировая экономика и международные экономические отношения
   📖 Вебинар 31.03
🌐 https://netology.ru/profile/program/bhebfad-25-memeo-2/lessons/594454
📄 Найдено материалов: 1
  ✅ Мировая экономика и международные экономические отношения
   📖 Вебинар 07.04
🌐 https://netology.ru/profile/program/bhebfad-25-memeo-2/lessons/595078
📄 Найдено материалов: 1
  ✅ Мировая экономика и международные экономические отношения
   📖 Вебинар 14.04
🌐 https://netology.ru/profile/program/bhebfad-25-memeo-2/lessons/595079
📄 Найдено материалов: 1
  ✅ Мировая экономика и международные экономические отношения
   📖 Вебинар 28.04
🌐 https://netology.ru/profile/program/bhebfad-25-memeo-2/lessons/595080
📄 Найдено материалов: 1
  ✅ Мировая экономика и международные экономические отношения
   📖 Вебинар 05.05
🌐 https://netology.ru/profile/program/bhebfad-25-memeo-2/lessons/595081
📄 Найдено материалов: 1
  ✅ Мировая экономика и международные экономические отношения
   📖 Вебинар 12.05
🌐 https://netology.ru/profile/program/bhebfad-25-memeo-2/lessons/595082
📄 Найдено материалов: 1
  ✅ Мировая экономика и международные экономические отношения
   📖 Домашнее творческое задание — Дедлайн 26.05
🌐 https://netology.ru/profile/program/bhebfad-25-memeo-2/lessons/592820
📄 Найдено материалов: 1
  ✅ Домашнее творческое задание
🌐 https://netology.ru/profile/program/bhebfad-25-memeo-2/lessons/592809/lesson_items/3194624
⏳ Ждём загрузку ресурсов...
✅ PDF: 58249 символов

============================================================
🎓 1 курс, 2 семестр: Мировая экономика и международные экономические отношения — Рабочая программа дисциплины
============================================================
   📁 Категория: Учебные материалы
   Символов: 58249
   ⏳ Генерация конспекта...
💾 Сохранено: /mnt/c/Users/golys/OneDrive/Рабочий стол/Second brain/Учеба (Фин. Ун.)/Дисциплины/Бакалавриат «Финансы и анализ данных» c Финансовым университетом1 сентября 2025/Учебные материалы/1 курс, 2 семестр Мировая экономика и международные экономические отношения —.md
   ✅ Готово
🌐 https://netology.ru/profile/program/bhebfad-25-memeo-2/lessons/592809/lesson_items/3194625
⏳ Ждём загрузку ресурсов...

============================================================
🎓 1 курс, 2 семестр: Мировая экономика и международные экономические отношения — Критерии оценивания по дисциплине «Мировая экономика и международные экономические отношения»
============================================================
   📁 Категория: Учебные материалы
   ⏭️  Уже существует, пропускаем (используй --force для перезаписи)
🌐 https://netology.ru/profile/program/bhebfad-25-memeo-2/lessons/592810/lesson_items/3194626
⏳ Ждём загрузку ресурсов...

============================================================
🎓 1 курс, 2 семестр: Мировая экономика и международные экономические отношения — Тема 1 «Мировая экономика и ее основные субъекты. Международное разделение труда как материальная основа мировой экономики» (часть 1)
============================================================
   📁 Категория: Учебные материалы
   ⏭️  Уже существует, пропускаем (используй --force для перезаписи)
🌐 https://netology.ru/profile/program/bhebfad-25-memeo-2/lessons/592810/lesson_items/3194627
⏳ Ждём загрузку ресурсов...

============================================================
🎓 1 курс, 2 семестр: Мировая экономика и международные экономические отношения — Тема 1 «Мировая экономика и ее основные субъекты. Международное разделение труда как материальная основа мировой экономики» (часть 2)
============================================================
   📁 Категория: Учебные материалы
   ⏭️  Уже существует, пропускаем (используй --force для перезаписи)
🌐 https://netology.ru/profile/program/bhebfad-25-memeo-2/lessons/592810/lesson_items/3194628
⏳ Ждём загрузку ресурсов...

============================================================
🎓 1 курс, 2 семестр: Мировая экономика и международные экономические отношения — ТЕМА 1. Вопросы для самоконтроля
============================================================
   📁 Категория: Учебные материалы
   ⏭️  Уже существует, пропускаем (используй --force для перезаписи)
🌐 https://netology.ru/profile/program/bhebfad-25-memeo-2/lessons/592811/lesson_items/3194632
⏳ Ждём загрузку ресурсов...

============================================================
🎓 1 курс, 2 семестр: Мировая экономика и международные экономические отношения — Тема 2 «Ресурсная база мирового хозяйства»
============================================================
   📁 Категория: Учебные материалы
   ⏭️  Уже существует, пропускаем (используй --force для перезаписи)
🌐 https://netology.ru/profile/program/bhebfad-25-memeo-2/lessons/592811/lesson_items/3194633
⏳ Ждём загрузку ресурсов...

============================================================
🎓 1 курс, 2 семестр: Мировая экономика и международные экономические отношения — ТЕМА 2. Вопросы для самоконтроля
============================================================
   📁 Категория: Учебные материалы
   ⏭️  Уже существует, пропускаем (используй --force для перезаписи)
🌐 https://netology.ru/profile/program/bhebfad-25-memeo-2/lessons/592812/lesson_items/3194637
⏳ Ждём загрузку ресурсов...

============================================================
🎓 1 курс, 2 семестр: Мировая экономика и международные экономические отношения — Тема 3 «Неравномерность экономического развития стран в мировой экономике»
============================================================
   📁 Категория: Учебные материалы
   ⏭️  Уже существует, пропускаем (используй --force для перезаписи)
🌐 https://netology.ru/profile/program/bhebfad-25-memeo-2/lessons/592812/lesson_items/3194638
⏳ Ждём загрузку ресурсов...

============================================================
🎓 1 курс, 2 семестр: Мировая экономика и международные экономические отношения — ТЕМА 3. Вопросы для самоконтроля
============================================================
   📁 Категория: Учебные материалы
   ⏭️  Уже существует, пропускаем (используй --force для перезаписи)
🌐 https://netology.ru/profile/program/bhebfad-25-memeo-2/lessons/592813/lesson_items/3194642
⏳ Ждём загрузку ресурсов...

============================================================
🎓 1 курс, 2 семестр: Мировая экономика и международные экономические отношения — ТЕМА 4. Вопросы для самоконтроля
============================================================
   📁 Категория: Учебные материалы
   ⏭️  Уже существует, пропускаем (используй --force для перезаписи)
🌐 https://netology.ru/profile/program/bhebfad-25-memeo-2/lessons/592813/lesson_items/3194644
⏳ Ждём загрузку ресурсов...

============================================================
🎓 1 курс, 2 семестр: Мировая экономика и международные экономические отношения — Тема 4 «Международные экономические отношения и их современные формы»
============================================================
   📁 Категория: Учебные материалы
   ⏭️  Уже существует, пропускаем (используй --force для перезаписи)
🌐 https://netology.ru/profile/program/bhebfad-25-memeo-2/lessons/592814/lesson_items/3194647
⏳ Ждём загрузку ресурсов...

============================================================
🎓 1 курс, 2 семестр: Мировая экономика и международные экономические отношения — Тема 5 «Современный мировой рынок, его структура, конъюнктура. Ценообразование на мировых товарных рынках»
============================================================
   📁 Категория: Учебные материалы
   ⏭️  Уже существует, пропускаем (используй --force для перезаписи)
🌐 https://netology.ru/profile/program/bhebfad-25-memeo-2/lessons/592814/lesson_items/3194648
⏳ Ждём загрузку ресурсов...

============================================================
🎓 1 курс, 2 семестр: Мировая экономика и международные экономические отношения — ТЕМА 5. Вопросы для самоконтроля
============================================================
   📁 Категория: Учебные материалы
   ⏭️  Уже существует, пропускаем (используй --force для перезаписи)
🌐 https://netology.ru/profile/program/bhebfad-25-memeo-2/lessons/592815/lesson_items/3194652
⏳ Ждём загрузку ресурсов...

============================================================
🎓 1 курс, 2 семестр: Мировая экономика и международные экономические отношения — Тема 6 «Международная торговля и ее регулирование»
============================================================
   📁 Категория: Учебные материалы
   ⏭️  Уже существует, пропускаем (используй --force для перезаписи)
🌐 https://netology.ru/profile/program/bhebfad-25-memeo-2/lessons/592815/lesson_items/3194653
⏳ Ждём загрузку ресурсов...

============================================================
🎓 1 курс, 2 семестр: Мировая экономика и международные экономические отношения — ТЕМА 6. Вопросы для самоконтроля
============================================================
   📁 Категория: Учебные материалы
   ⏭️  Уже существует, пропускаем (используй --force для перезаписи)
🌐 https://netology.ru/profile/program/bhebfad-25-memeo-2/lessons/592816/lesson_items/3194657
⏳ Ждём загрузку ресурсов...

============================================================
🎓 1 курс, 2 семестр: Мировая экономика и международные экономические отношения — Тема 7 «Международное движение факторов производства» (часть 1)
============================================================
   📁 Категория: Учебные материалы
   ⏭️  Уже существует, пропускаем (используй --force для перезаписи)
🌐 https://netology.ru/profile/program/bhebfad-25-memeo-2/lessons/592816/lesson_items/3194658
⏳ Ждём загрузку ресурсов...

============================================================
🎓 1 курс, 2 семестр: Мировая экономика и международные экономические отношения — Тема 7 «Международное движение факторов производства» (часть 2)
============================================================
   📁 Категория: Учебные материалы
   ⏭️  Уже существует, пропускаем (используй --force для перезаписи)
🌐 https://netology.ru/profile/program/bhebfad-25-memeo-2/lessons/592816/lesson_items/3194659
⏳ Ждём загрузку ресурсов...

============================================================
🎓 1 курс, 2 семестр: Мировая экономика и международные экономические отношения — ТЕМА 7. Вопросы для самоконтроля
============================================================
   📁 Категория: Учебные материалы
   ⏭️  Уже существует, пропускаем (используй --force для перезаписи)
🌐 https://netology.ru/profile/program/bhebfad-25-memeo-2/lessons/592817/lesson_items/3194662
⏳ Ждём загрузку ресурсов...

============================================================
🎓 1 курс, 2 семестр: Мировая экономика и международные экономические отношения — Валютные отношения в мировой экономике. Конвертируемость
============================================================
   📁 Категория: Учебные материалы
   ⏭️  Уже существует, пропускаем (используй --force для перезаписи)
🌐 https://netology.ru/profile/program/bhebfad-25-memeo-2/lessons/592817/lesson_items/3194663
⏳ Ждём загрузку ресурсов...

============================================================
🎓 1 курс, 2 семестр: Мировая экономика и международные экономические отношения — Тема 8 «Валютные отношения в мировой экономике»
============================================================
   📁 Категория: Учебные материалы
   ⏭️  Уже существует, пропускаем (используй --force для перезаписи)
🌐 https://netology.ru/profile/program/bhebfad-25-memeo-2/lessons/592817/lesson_items/3194664
⏳ Ждём загрузку ресурсов...

============================================================
🎓 1 курс, 2 семестр: Мировая экономика и международные экономические отношения — Валютные отношения в мировой экономике Часть 1
============================================================
   📁 Категория: Учебные материалы
   ⏭️  Уже существует, пропускаем (используй --force для перезаписи)
🌐 https://netology.ru/profile/program/bhebfad-25-memeo-2/lessons/592817/lesson_items/3194665
⏳ Ждём загрузку ресурсов...

============================================================
🎓 1 курс, 2 семестр: Мировая экономика и международные экономические отношения — Валютные отношения в мировой экономике Часть 2
============================================================
   📁 Категория: Учебные материалы
   ⏭️  Уже существует, пропускаем (используй --force для перезаписи)
🌐 https://netology.ru/profile/program/bhebfad-25-memeo-2/lessons/592817/lesson_items/3194666
⏳ Ждём загрузку ресурсов...

============================================================
🎓 1 курс, 2 семестр: Мировая экономика и международные экономические отношения — Эволюция мировой валютной системы Часть 3
============================================================
   📁 Категория: Учебные материалы
   ⏭️  Уже существует, пропускаем (используй --force для перезаписи)
🌐 https://netology.ru/profile/program/bhebfad-25-memeo-2/lessons/592817/lesson_items/3194667
⏳ Ждём загрузку ресурсов...

============================================================
🎓 1 курс, 2 семестр: Мировая экономика и международные экономические отношения — Валютные отношения в мировой экономике. Роль золота в МВО
============================================================
   📁 Категория: Учебные материалы
   ⏭️  Уже существует, пропускаем (используй --force для перезаписи)
🌐 https://netology.ru/profile/program/bhebfad-25-memeo-2/lessons/592817/lesson_items/3194668
⏳ Ждём загрузку ресурсов...

============================================================
🎓 1 курс, 2 семестр: Мировая экономика и международные экономические отношения — ТЕМА 8. Вопросы для самоконтроля
============================================================
   📁 Категория: Учебные материалы
   ⏭️  Уже существует, пропускаем (используй --force для перезаписи)
🌐 https://netology.ru/profile/program/bhebfad-25-memeo-2/lessons/592818/lesson_items/3194671
⏳ Ждём загрузку ресурсов...

============================================================
🎓 1 курс, 2 семестр: Мировая экономика и международные экономические отношения — Международная экономическая интеграция
============================================================
   📁 Категория: Учебные материалы
   ⏭️  Уже существует, пропускаем (используй --force для перезаписи)
🌐 https://netology.ru/profile/program/bhebfad-25-memeo-2/lessons/592818/lesson_items/3194672
⏳ Ждём загрузку ресурсов...

============================================================
🎓 1 курс, 2 семестр: Мировая экономика и международные экономические отношения — ТЕМА 9. Вопросы для самоконтроля
============================================================
   📁 Категория: Учебные материалы
   ⏭️  Уже существует, пропускаем (используй --force для перезаписи)
🌐 https://netology.ru/profile/program/bhebfad-25-memeo-2/lessons/592819/lesson_items/3194676
⏳ Ждём загрузку ресурсов...

============================================================
🎓 1 курс, 2 семестр: Мировая экономика и международные экономические отношения — Международный валютный фонд
============================================================
   📁 Категория: Учебные материалы
   ⏭️  Уже существует, пропускаем (используй --force для перезаписи)
🌐 https://netology.ru/profile/program/bhebfad-25-memeo-2/lessons/592819/lesson_items/3194677
⏳ Ждём загрузку ресурсов...

============================================================
🎓 1 курс, 2 семестр: Мировая экономика и международные экономические отношения — Международные региональные банки развития
============================================================
   📁 Категория: Учебные материалы
   ⏭️  Уже существует, пропускаем (используй --force для перезаписи)
🌐 https://netology.ru/profile/program/bhebfad-25-memeo-2/lessons/592819/lesson_items/3194678
⏳ Ждём загрузку ресурсов...

============================================================
🎓 1 курс, 2 семестр: Мировая экономика и международные экономические отношения — Международные экономические организации и участие России в их деятельности
============================================================
   📁 Категория: Учебные материалы
   ⏭️  Уже существует, пропускаем (используй --force для перезаписи)
🌐 https://netology.ru/profile/program/bhebfad-25-memeo-2/lessons/592819/lesson_items/3194679
⏳ Ждём загрузку ресурсов...

============================================================
🎓 1 курс, 2 семестр: Мировая экономика и международные экономические отношения — Тема 10. Вопросы для самоконтроля
============================================================
   📁 Категория: Учебные материалы
   ⏭️  Уже существует, пропускаем (используй --force для перезаписи)
🌐 https://netology.ru/profile/program/bhebfad-25-memeo-2/lessons/594465/lesson_items/3203848
⏳ Ждём загрузку ресурсов...

============================================================
🎓 1 курс, 2 семестр: Мировая экономика и международные экономические отношения — Домашнее задание по Теме 1 - до 17.03
============================================================
   ⏭️  Пропускаем (домашнее задание / контрольная / эссе)
🌐 https://netology.ru/profile/program/bhebfad-25-memeo-2/lessons/594475/lesson_items/3206951
⏳ Ждём загрузку ресурсов...

============================================================
🎓 1 курс, 2 семестр: Мировая экономика и международные экономические отношения — Задание 2
============================================================
   📁 Категория: Учебные материалы
   ⏭️  Уже существует, пропускаем (используй --force для перезаписи)
🌐 https://netology.ru/profile/program/bhebfad-25-memeo-2/lessons/595076/lesson_items/3206956
⏳ Ждём загрузку ресурсов...

============================================================
🎓 1 курс, 2 семестр: Мировая экономика и международные экономические отношения — Задание 3
============================================================
   📁 Категория: Учебные материалы
   ⏭️  Уже существует, пропускаем (используй --force для перезаписи)
🌐 https://netology.ru/profile/program/bhebfad-25-memeo-2/lessons/595077/lesson_items/3206957
⏳ Ждём загрузку ресурсов...

============================================================
🎓 1 курс, 2 семестр: Мировая экономика и международные экономические отношения — Задание 4
============================================================
   📁 Категория: Учебные материалы
   ⏭️  Уже существует, пропускаем (используй --force для перезаписи)
🌐 https://netology.ru/profile/program/bhebfad-25-memeo-2/lessons/595086/lesson_items/3206958
⏳ Ждём загрузку ресурсов...

============================================================
🎓 1 курс, 2 семестр: Мировая экономика и международные экономические отношения — Задание 5
============================================================
   📁 Категория: Учебные материалы
   ⏭️  Уже существует, пропускаем (используй --force для перезаписи)
🌐 https://netology.ru/profile/program/bhebfad-25-memeo-2/lessons/595087/lesson_items/3206960
⏳ Ждём загрузку ресурсов...

============================================================
🎓 1 курс, 2 семестр: Мировая экономика и международные экономические отношения — Задание 6
============================================================
   📁 Категория: Учебные материалы
   ⏭️  Уже существует, пропускаем (используй --force для перезаписи)
🌐 https://netology.ru/profile/program/bhebfad-25-memeo-2/lessons/595088/lesson_items/3206961
⏳ Ждём загрузку ресурсов...

============================================================
🎓 1 курс, 2 семестр: Мировая экономика и международные экономические отношения — Задание 7
============================================================
   📁 Категория: Учебные материалы
   ⏭️  Уже существует, пропускаем (используй --force для перезаписи)
🌐 https://netology.ru/profile/program/bhebfad-25-memeo-2/lessons/595089/lesson_items/3206962
⏳ Ждём загрузку ресурсов...

============================================================
🎓 1 курс, 2 семестр: Мировая экономика и международные экономические отношения — Задание 8
============================================================
   📁 Категория: Учебные материалы
   ⏭️  Уже существует, пропускаем (используй --force для перезаписи)
🌐 https://netology.ru/profile/program/bhebfad-25-memeo-2/lessons/595090/lesson_items/3206963
⏳ Ждём загрузку ресурсов...

============================================================
🎓 1 курс, 2 семестр: Мировая экономика и международные экономические отношения — Задание 9
============================================================
   📁 Категория: Учебные материалы
   ⏭️  Уже существует, пропускаем (используй --force для перезаписи)
🌐 https://netology.ru/profile/program/bhebfad-25-memeo-2/lessons/595091/lesson_items/3206964
⏳ Ждём загрузку ресурсов...

============================================================
🎓 1 курс, 2 семестр: Мировая экономика и международные экономические отношения — Задание 10
============================================================
   📁 Категория: Учебные материалы
   ⏭️  Уже существует, пропускаем (используй --force для перезаписи)
🌐 https://netology.ru/profile/program/bhebfad-25-memeo-2/lessons/595092/lesson_items/3206959
⏳ Ждём загрузку ресурсов...

============================================================
🎓 1 курс, 2 семестр: Мировая экономика и международные экономические отношения
============================================================
   📁 Категория: Учебные материалы
   Символов: 4813
   ⏳ Генерация конспекта...
💾 Сохранено: /mnt/c/Users/golys/OneDrive/Рабочий стол/Second brain/Учеба (Фин. Ун.)/Дисциплины/Бакалавриат «Финансы и анализ данных» c Финансовым университетом1 сентября 2025/Учебные материалы/1 курс, 2 семестр Мировая экономика и международные экономические отношения.md
   ✅ Готово
🌐 https://netology.ru/profile/program/bhebfad-25-memeo-2/lessons/594458/lesson_items/3203805
⏳ Ждём загрузку ресурсов...

============================================================
🎓 1 курс, 2 семестр: Мировая экономика и международные экономические отношения
============================================================
   📁 Категория: Учебные материалы
   ⏭️  Уже существует, пропускаем (используй --force для перезаписи)
🌐 https://netology.ru/profile/program/bhebfad-25-memeo-2/lessons/594473/lesson_items/3206949
⏳ Ждём загрузку ресурсов...

============================================================
🎓 1 курс, 2 семестр: Мировая экономика и международные экономические отношения
============================================================
   📁 Категория: Учебные материалы
   ⏭️  Уже существует, пропускаем (используй --force для перезаписи)
🌐 https://netology.ru/profile/program/bhebfad-25-memeo-2/lessons/595072/lesson_items/3206952
⏳ Ждём загрузку ресурсов...

============================================================
🎓 1 курс, 2 семестр: Мировая экономика и международные экономические отношения
============================================================
   📁 Категория: Учебные материалы
   ⏭️  Уже существует, пропускаем (используй --force для перезаписи)
🌐 https://netology.ru/profile/program/bhebfad-25-memeo-2/lessons/595073/lesson_items/3206953
⏳ Ждём загрузку ресурсов...

============================================================
🎓 1 курс, 2 семестр: Мировая экономика и международные экономические отношения
============================================================
   📁 Категория: Учебные материалы
   ⏭️  Уже существует, пропускаем (используй --force для перезаписи)
🌐 https://netology.ru/profile/program/bhebfad-25-memeo-2/lessons/595074/lesson_items/3206954
⏳ Ждём загрузку ресурсов...

============================================================
🎓 1 курс, 2 семестр: Мировая экономика и международные экономические отношения
============================================================
   📁 Категория: Учебные материалы
   ⏭️  Уже существует, пропускаем (используй --force для перезаписи)
🌐 https://netology.ru/profile/program/bhebfad-25-memeo-2/lessons/595075/lesson_items/3206955
⏳ Ждём загрузку ресурсов...

============================================================
🎓 1 курс, 2 семестр: Мировая экономика и международные экономические отношения
============================================================
   📁 Категория: Учебные материалы
   ⏭️  Уже существует, пропускаем (используй --force для перезаписи)
🌐 https://netology.ru/profile/program/bhebfad-25-memeo-2/lessons/594454/lesson_items/3206965
⏳ Ждём загрузку ресурсов...

============================================================
🎓 1 курс, 2 семестр: Мировая экономика и международные экономические отношения
============================================================
   📁 Категория: Учебные материалы
   ⏭️  Уже существует, пропускаем (используй --force для перезаписи)
🌐 https://netology.ru/profile/program/bhebfad-25-memeo-2/lessons/595078/lesson_items/3206966
⏳ Ждём загрузку ресурсов...

============================================================
🎓 1 курс, 2 семестр: Мировая экономика и международные экономические отношения
============================================================
   📁 Категория: Учебные материалы
   ⏭️  Уже существует, пропускаем (используй --force для перезаписи)
🌐 https://netology.ru/profile/program/bhebfad-25-memeo-2/lessons/595079/lesson_items/3206967
⏳ Ждём загрузку ресурсов...

============================================================
🎓 1 курс, 2 семестр: Мировая экономика и международные экономические отношения
============================================================
   📁 Категория: Учебные материалы
   ⏭️  Уже существует, пропускаем (используй --force для перезаписи)
🌐 https://netology.ru/profile/program/bhebfad-25-memeo-2/lessons/595080/lesson_items/3206968
⏳ Ждём загрузку ресурсов...

============================================================
🎓 1 курс, 2 семестр: Мировая экономика и международные экономические отношения
============================================================
   📁 Категория: Учебные материалы
   ⏭️  Уже существует, пропускаем (используй --force для перезаписи)
🌐 https://netology.ru/profile/program/bhebfad-25-memeo-2/lessons/595081/lesson_items/3206969
⏳ Ждём загрузку ресурсов...

============================================================
🎓 1 курс, 2 семестр: Мировая экономика и международные экономические отношения
============================================================
   📁 Категория: Учебные материалы
   ⏭️  Уже существует, пропускаем (используй --force для перезаписи)
🌐 https://netology.ru/profile/program/bhebfad-25-memeo-2/lessons/595082/lesson_items/3206971
⏳ Ждём загрузку ресурсов...

============================================================
🎓 1 курс, 2 семестр: Мировая экономика и международные экономические отношения
============================================================
   📁 Категория: Учебные материалы
   ⏭️  Уже существует, пропускаем (используй --force для перезаписи)
🌐 https://netology.ru/profile/program/bhebfad-25-memeo-2/lessons/592820/lesson_items/3194682
⏳ Ждём загрузку ресурсов...

============================================================
🎓 1 курс, 2 семестр: Мировая экономика и международные экономические отношения — Домашнее творческое задание
============================================================
   ⏭️  Пропускаем (домашнее задание / контрольная / эссе)
   ✅ Раздел завершён
📝 Файл предмета обновлён: /mnt/c/Users/golys/OneDrive/Рабочий стол/Second brain/Учеба (Фин. Ун.)/Дисциплины/Бакалавриат «Финансы и анализ данных» c Финансовым университетом1 сентября 2025/Бакалавриат «Финансы и анализ данных» c Финансовым университетом1 сентября 2025.md
🍪 Cookies сохранены

============================================================
🏁 Всё готово!
============================================================
🍪 Cookies сохранены
