🍪 Cookies загружены
✅ Уже авторизованы
============================================================
🔍 Сбор структуры...
============================================================
🌐 https://netology.ru/profile/program/bhebfad-25-bzhd-2/schedule
📚 Найдено разделов: 9
  ✅ Информация о дисциплине (id: 588979)
  ✅ Учебные материалы (id: 588980)
  ✅ Презентации (id: 588981)
  ✅ Вебинар 05.02 (id: 586463)
  ✅ Вебинар 19.02 (id: 589815)
  ✅ Вебинар 27.02 (id: 595270)
  ✅ Информация для получения зачета по дисциплине (id: 623641)
  🔒 Зачёт (id: 616922)
  🔒 Опрос по итогам дисциплины (id: 617973)

📚 Предмет: Безопасность жизнедеятельности
   Разделов: 9

📂 Информация о дисциплине
🌐 https://netology.ru/profile/program/bhebfad-25-bzhd-2/lessons/588979
📄 Найдено материалов: 4
  ✅ Информация о преподавателе
  ✅ Критерии оценивания
  ✅ Рабочая программа дисциплины
  ✅ Методические указания для обучающихся
🌐 https://netology.ru/profile/program/bhebfad-25-bzhd-2/lessons/588979/lesson_items/3173402
⏳ Ждём загрузку ресурсов...

============================================================
🎓 Информация о дисциплине — Информация о преподавателе
============================================================
   Символов: 1732
   ⏳ Генерация конспекта...
   🔍 Терминов: 3
   📝 Термин: **Заслуженный Деятель Науки Рф**
   📝 Термин: **Доктор Технических Наук**
   📝 Термин: **Генерал Майор Запаса**
   💾 Конспект: /mnt/c/Users/golys/OneDrive/Рабочий стол/Second brain/Учеба (Фин. Ун.)/Конспекты/Безопасность жизнедеятельности/Информация о дисциплине — Информация о преподавателе.md
   🔗 Ссылка добавлена
   ✅ Готово
🌐 https://netology.ru/profile/program/bhebfad-25-bzhd-2/lessons/588979/lesson_items/3173403
⏳ Ждём загрузку ресурсов...

============================================================
🎓 Информация о дисциплине — Критерии оценивания
============================================================
   Символов: 2314
   ⏳ Генерация конспекта...
   🔍 Терминов: 3
   📝 Термин: **Критерии Оценивания**
   📝 Термин: **Интеллект Карта**
   📝 Термин: **Сертификат**
   💾 Конспект: /mnt/c/Users/golys/OneDrive/Рабочий стол/Second brain/Учеба (Фин. Ун.)/Конспекты/Безопасность жизнедеятельности/Информация о дисциплине — Критерии оценивания.md
   🔗 Ссылка добавлена
   ✅ Готово
🌐 https://netology.ru/profile/program/bhebfad-25-bzhd-2/lessons/588979/lesson_items/3173404
⏳ Ждём загрузку ресурсов...

============================================================
🎓 Информация о дисциплине — Рабочая программа дисциплины
============================================================
   Символов: 1061
   ⏳ Генерация конспекта...
   🔍 Терминов: 3
   📝 Термин: **Рабочая Программа Дисциплины**
   📝 Термин: **Безопасность Жизнедеятельности**
   📝 Термин: **Критерии Оценивания**
   💾 Конспект: /mnt/c/Users/golys/OneDrive/Рабочий стол/Second brain/Учеба (Фин. Ун.)/Конспекты/Безопасность жизнедеятельности/Информация о дисциплине — Рабочая программа дисциплины.md
   🔗 Ссылка добавлена
   ✅ Готово
🌐 https://netology.ru/profile/program/bhebfad-25-bzhd-2/lessons/588979/lesson_items/3173405
⏳ Ждём загрузку ресурсов...

============================================================
🎓 Информация о дисциплине — Методические указания для обучающихся
============================================================
   Символов: 1622
   ⏳ Генерация конспекта...
   🔍 Терминов: 3
   📝 Термин: **Методические Указания Для Обучающихся**
   📝 Термин: **Рабочая Программа Дисциплины**
   📝 Термин: **Критерии Оценивания**
   💾 Конспект: /mnt/c/Users/golys/OneDrive/Рабочий стол/Second brain/Учеба (Фин. Ун.)/Конспекты/Безопасность жизнедеятельности/Информация о дисциплине — Методические указания для обучающихся.md
   🔗 Ссылка добавлена
   ✅ Готово
   ✅ Раздел завершён

📂 Учебные материалы
🌐 https://netology.ru/profile/program/bhebfad-25-bzhd-2/lessons/588980
📄 Найдено материалов: 8
  ✅ Учебник БЖД ч1
  ✅ Учебник БЖД ч2
  ✅ Учебное пособие по построению интеллект-карт
  ✅ Сервисы для построения интеллект-карт
  ✅ Примеры построения интеллект-карт
  ✅ Учебник по системе управления охраной труда
  ✅ Пособие по оказанию первой помощи
  ✅ СНиП "Защитные сооружения гражданской обороны"
🌐 https://netology.ru/profile/program/bhebfad-25-bzhd-2/lessons/588980/lesson_items/3173406
⏳ Ждём загрузку ресурсов...
✅ PDF: 1233781 символов
   ⚠️ Файл слишком большой (1233781 символов). Создаём заглушку.

============================================================
🎓 Учебные материалы — Учебник БЖД ч1
============================================================
   Символов: 247
   ⚠️ Слишком мало текста (247 симв.), пропускаем
🌐 https://netology.ru/profile/program/bhebfad-25-bzhd-2/lessons/588980/lesson_items/3173407
⏳ Ждём загрузку ресурсов...
✅ PDF: 301824 символов
   ⚠️ Файл слишком большой (301824 символов). Создаём заглушку.

============================================================
🎓 Учебные материалы — Учебник БЖД ч2
============================================================
   Символов: 246
   ⚠️ Слишком мало текста (246 симв.), пропускаем
🌐 https://netology.ru/profile/program/bhebfad-25-bzhd-2/lessons/588980/lesson_items/3173408
⏳ Ждём загрузку ресурсов...
✅ PDF: 51802 символов

============================================================
🎓 Учебные материалы — Учебное пособие по построению интеллект-карт
============================================================
   Символов: 51802
   ⏳ Генерация конспекта...
   📦 Текст разбит на 2 частей
   ⏳ Часть 1/2...
   ⏳ Часть 2/2...
   🔍 Терминов: 7
   📝 Термин: **Интеллект Карта**
   📝 Термин: **Радиантное Мышление**
   📝 Термин: **Эффект Ресторфф**
   📝 Термин: **Качество Информации**
   📝 Термин: **Универсальные Учебные Действия**
   💾 Конспект: /mnt/c/Users/golys/OneDrive/Рабочий стол/Second brain/Учеба (Фин. Ун.)/Конспекты/Безопасность жизнедеятельности/Учебные материалы — Учебное пособие по построению интеллект-карт.md
   🔗 Ссылка добавлена
   ✅ Готово
🌐 https://netology.ru/profile/program/bhebfad-25-bzhd-2/lessons/588980/lesson_items/3173409
⏳ Ждём загрузку ресурсов...

============================================================
🎓 Учебные материалы — Сервисы для построения интеллект-карт
============================================================
   Символов: 1803
   ⏳ Генерация конспекта...
   🔍 Терминов: 3
   📝 Термин: **Интеллект Карта**
   📝 Термин: **Визуализация Информации**
   📝 Термин: **Информационная Гигиена**
   💾 Конспект: /mnt/c/Users/golys/OneDrive/Рабочий стол/Second brain/Учеба (Фин. Ун.)/Конспекты/Безопасность жизнедеятельности/Учебные материалы — Сервисы для построения интеллект-карт.md
   🔗 Ссылка добавлена
   ✅ Готово
🌐 https://netology.ru/profile/program/bhebfad-25-bzhd-2/lessons/588980/lesson_items/3173410
⏳ Ждём загрузку ресурсов...

============================================================
🎓 Учебные материалы — Примеры построения интеллект-карт
============================================================
   Символов: 1794
   ⏳ Генерация конспекта...
   🔍 Терминов: 3
   📝 Термин: **Интеллект Карта**
   📝 Термин: **Безопасность Жизнедеятельности**
   📝 Термин: **Средства Индивидуальной Защиты**
   💾 Конспект: /mnt/c/Users/golys/OneDrive/Рабочий стол/Second brain/Учеба (Фин. Ун.)/Конспекты/Безопасность жизнедеятельности/Учебные материалы — Примеры построения интеллект-карт.md
   🔗 Ссылка добавлена
   ✅ Готово
🌐 https://netology.ru/profile/program/bhebfad-25-bzhd-2/lessons/588980/lesson_items/3173411
⏳ Ждём загрузку ресурсов...

============================================================
🎓 Учебные материалы — Учебник по системе управления охраной труда
============================================================
   Символов: 1355
   ⏳ Генерация конспекта...
   🔍 Терминов: 3
   📝 Термин: **Система Управления Охраной Труда**
   📝 Термин: **Оценка Профессиональных Рисков**
   📝 Термин: **Цикл Pdca**
   💾 Конспект: /mnt/c/Users/golys/OneDrive/Рабочий стол/Second brain/Учеба (Фин. Ун.)/Конспекты/Безопасность жизнедеятельности/Учебные материалы — Учебник по системе управления охраной труда.md
   🔗 Ссылка добавлена
   ✅ Готово
🌐 https://netology.ru/profile/program/bhebfad-25-bzhd-2/lessons/588980/lesson_items/3173412
⏳ Ждём загрузку ресурсов...

============================================================
🎓 Учебные материалы — Пособие по оказанию первой помощи
============================================================
   Символов: 417
   ⏳ Генерация конспекта...
Traceback (most recent call last):
  File "/mnt/c/Users/golys/OneDrive/Рабочий стол/Study_automatization/.venv/lib/python3.12/site-packages/requests/models.py", line 822, in generate
    yield from self.raw.stream(chunk_size, decode_content=True)
  File "/mnt/c/Users/golys/OneDrive/Рабочий стол/Study_automatization/.venv/lib/python3.12/site-packages/urllib3/response.py", line 1250, in stream
    yield from self.read_chunked(amt, decode_content=decode_content)
  File "/mnt/c/Users/golys/OneDrive/Рабочий стол/Study_automatization/.venv/lib/python3.12/site-packages/urllib3/response.py", line 1418, in read_chunked
    self._update_chunk_length()
  File "/mnt/c/Users/golys/OneDrive/Рабочий стол/Study_automatization/.venv/lib/python3.12/site-packages/urllib3/response.py", line 1344, in _update_chunk_length
    raise ProtocolError("Response ended prematurely") from None
urllib3.exceptions.ProtocolError: Response ended prematurely

During handling of the above exception, another exception occurred:

Traceback (most recent call last):
  File "/mnt/c/Users/golys/OneDrive/Рабочий стол/Study_automatization/run_agent.py", line 292, in <module>
    asyncio.run(main())
  File "/usr/lib/python3.12/asyncio/runners.py", line 194, in run
    return runner.run(main)
           ^^^^^^^^^^^^^^^^
  File "/usr/lib/python3.12/asyncio/runners.py", line 118, in run
    return self._loop.run_until_complete(task)
           ^^^^^^^^^^^^^^^^^^^^^^^^^^^^^^^^^^^
  File "/usr/lib/python3.12/asyncio/base_events.py", line 687, in run_until_complete
    return future.result()
           ^^^^^^^^^^^^^^^
  File "/mnt/c/Users/golys/OneDrive/Рабочий стол/Study_automatization/run_agent.py", line 276, in main
    process_lesson(subject_name, display_title, text)
  File "/mnt/c/Users/golys/OneDrive/Рабочий стол/Study_automatization/run_agent.py", line 175, in process_lesson
    raw_summary = generate_summary(lesson_text, subject_name, lesson_title)
                  ^^^^^^^^^^^^^^^^^^^^^^^^^^^^^^^^^^^^^^^^^^^^^^^^^^^^^^^^^
  File "/mnt/c/Users/golys/OneDrive/Рабочий стол/Study_automatization/generate_summary.py", line 66, in generate_summary
    return generate_chunk(text, subject, topic)
           ^^^^^^^^^^^^^^^^^^^^^^^^^^^^^^^^^^^^
  File "/mnt/c/Users/golys/OneDrive/Рабочий стол/Study_automatization/generate_summary.py", line 27, in generate_chunk
    resp = requests.post(
           ^^^^^^^^^^^^^^
  File "/mnt/c/Users/golys/OneDrive/Рабочий стол/Study_automatization/.venv/lib/python3.12/site-packages/requests/api.py", line 115, in post
    return request("post", url, data=data, json=json, **kwargs)
           ^^^^^^^^^^^^^^^^^^^^^^^^^^^^^^^^^^^^^^^^^^^^^^^^^^^^
  File "/mnt/c/Users/golys/OneDrive/Рабочий стол/Study_automatization/.venv/lib/python3.12/site-packages/requests/api.py", line 59, in request
    return session.request(method=method, url=url, **kwargs)
           ^^^^^^^^^^^^^^^^^^^^^^^^^^^^^^^^^^^^^^^^^^^^^^^^^
  File "/mnt/c/Users/golys/OneDrive/Рабочий стол/Study_automatization/.venv/lib/python3.12/site-packages/requests/sessions.py", line 592, in request
    resp = self.send(prep, **send_kwargs)
           ^^^^^^^^^^^^^^^^^^^^^^^^^^^^^^
  File "/mnt/c/Users/golys/OneDrive/Рабочий стол/Study_automatization/.venv/lib/python3.12/site-packages/requests/sessions.py", line 749, in send
    r.content
  File "/mnt/c/Users/golys/OneDrive/Рабочий стол/Study_automatization/.venv/lib/python3.12/site-packages/requests/models.py", line 904, in content
    self._content = b"".join(self.iter_content(CONTENT_CHUNK_SIZE)) or b""
                    ^^^^^^^^^^^^^^^^^^^^^^^^^^^^^^^^^^^^^^^^^^^^^^^
  File "/mnt/c/Users/golys/OneDrive/Рабочий стол/Study_automatization/.venv/lib/python3.12/site-packages/requests/models.py", line 824, in generate
    raise ChunkedEncodingError(e)
requests.exceptions.ChunkedEncodingError: Response ended prematurely
