🧹 Очистка старой структуры Second Brain...
🍪 Cookies загружены
✅ Уже авторизованы
============================================================
🔍 Сбор структуры...
============================================================
🌐 https://netology.ru/profile/program/bhebfad-25/schedule
⚠️ Дисциплины не появились после ожидания, пробуем перезагрузить...
🍪 Cookies сохранены
Traceback (most recent call last):
  File "/mnt/c/Users/golys/OneDrive/Рабочий стол/Study_automatization/run_agent.py", line 262, in <module>
    asyncio.run(main())
  File "/usr/lib/python3.12/asyncio/runners.py", line 194, in run
    return runner.run(main)
           ^^^^^^^^^^^^^^^^
  File "/usr/lib/python3.12/asyncio/runners.py", line 118, in run
    return self._loop.run_until_complete(task)
           ^^^^^^^^^^^^^^^^^^^^^^^^^^^^^^^^^^^
  File "/usr/lib/python3.12/asyncio/base_events.py", line 687, in run_until_complete
    return future.result()
           ^^^^^^^^^^^^^^^
  File "/mnt/c/Users/golys/OneDrive/Рабочий стол/Study_automatization/run_agent.py", line 145, in main
    program_title, disciplines = await scraper.get_program_disciplines(program_id)
                                 ^^^^^^^^^^^^^^^^^^^^^^^^^^^^^^^^^^^^^^^^^^^^^^^^^
  File "/mnt/c/Users/golys/OneDrive/Рабочий стол/Study_automatization/src/Скрейперы/netology_scraper.py", line 200, in get_program_disciplines
    break
^^^^^^^^^^
  File "/mnt/c/Users/golys/OneDrive/Рабочий стол/Study_automatization/.venv/lib/python3.12/site-packages/playwright/async_api/_generated.py", line 9406, in reload
    await self._impl_obj.reload(timeout=timeout, waitUntil=wait_until)
  File "/mnt/c/Users/golys/OneDrive/Рабочий стол/Study_automatization/.venv/lib/python3.12/site-packages/playwright/_impl/_page.py", line 560, in reload
    await self._channel.send(
  File "/mnt/c/Users/golys/OneDrive/Рабочий стол/Study_automatization/.venv/lib/python3.12/site-packages/playwright/_impl/_connection.py", line 69, in send
    return await self._connection.wrap_api_call(
           ^^^^^^^^^^^^^^^^^^^^^^^^^^^^^^^^^^^^^
  File "/mnt/c/Users/golys/OneDrive/Рабочий стол/Study_automatization/.venv/lib/python3.12/site-packages/playwright/_impl/_connection.py", line 559, in wrap_api_call
    raise rewrite_error(error, f"{parsed_st['apiName']}: {error}") from None
playwright._impl._errors.TimeoutError: Page.reload: Timeout 60000ms exceeded.
Call log:
  - waiting for navigation until "networkidle"
    - navigated to "https://netology.ru/profile/program/bhebfad-25/schedule"

