🧹 Очистка старой структуры Second Brain...
🍪 Cookies загружены
✅ Уже авторизованы
============================================================
🔍 Сбор структуры...
============================================================
🌐 https://netology.ru/profile/program/bhebfad-25-bzhd-2/schedule
📚 Найдено разделов: 9
  ✅ Информация о дисциплине (id: 588979)
  ✅ Учебные материалы (id: 588980)
  ✅ Презентации (id: 588981)
  ✅ Вебинар 05.02 (id: 586463)
  ✅ Вебинар 19.02 (id: 589815)
  ✅ Вебинар 27.02 (id: 595270)
  ✅ Информация для получения зачета по дисциплине (id: 623641)
  🔒 Зачёт (id: 616922)
  🔒 Опрос по итогам дисциплины (id: 617973)

📚 Предмет: Безопасность жизнедеятельности
   Разделов: 9
   🔍 Фильтр: только разделы содержащие 'Безопасность'
🍪 Cookies сохранены

============================================================
🏁 Всё готово!
============================================================
🍪 Cookies сохранены
