🧹 Очистка старой структуры Second Brain...
🍪 Cookies загружены
✅ Уже авторизованы
============================================================
🔍 Сбор структуры...
============================================================
🌐 https://netology.ru/profile/program/bhebfad-25-sda-1/schedule
📚 Найдено разделов (legacy): 50
  ✅ Силлабус (id: 516138)
  ✅ Введение в Тему 1 (id: 524338)
  ✅ Тема 1. Основные понятия структур данных и алгоритмов (id: 516139)
  ✅ Вебинар 1. Языки программирования, среды разработки. Типы данных, точность. Первая программа на С++ (id: 516140)
  ✅ Домашнее задание к вебинару «Языки программирования, среды разработки» (самостоятельное) (id: 524372)
  ✅ Вебинар 2. Простейшие программы на С++ (id: 516141)
  ✅ Домашнее задание «Простейшая программа на С++» (самостоятельное) (id: 524373)
  ✅ Вебинар 3. Правила поведения в среде разработки (id: 516142)
  ✅ Домашнее задание к вебинару «Правила поведения в среде разработки» (тест) (id: 524374)
  ✅ Итоги темы 1 (id: 524371)
  ✅ Введение в тему 2 (id: 516143)
  ✅ Вебинар 4. Ввод и вывод данных. Преобразование типов. Цикл for (id: 516144)
  ✅ Домашнее задание к вебинару «Ввод и вывод данных. Преобразование типов. Цикл for» (тест) (id: 524383)
  ✅ Деревья и графы (id: 516145)
  ✅ Вебинар 5. Ветвление в программе.  Цикл с предусловием и постусловием (id: 516146)
  ✅ Домашнее задание к вебинару «Ветвление в программе. Цикл с предусловием и постусловием» (самостоятельное) (id: 524384)
  ✅ Итоги темы 2 (id: 524385)
  ✅ Введение в тему 3 (id: 516147)
  ✅ Вебинар 6. Сортировка пузырьком. Быстрая сортировка (id: 516148)
  ✅ Видеолекция «Динамическое программирование» (id: 529333)
  ✅ Домашнее задание к вебинару «Сортировка пузырьком. Быстрая сортировка» (самостоятельное) (id: 524488)
  ✅ Вебинар 7. Задача о рюкзаке (id: 516149)
  ✅ Домашнее задание к вебинару «Задача о рюкзаке» (тест) (id: 516150)
  ✅ Видеолекции «Жадные алгоритмы» и «Рекурсия» (id: 529334)
  ✅ Вебинар 8. Нахождение оптимального маршрута (id: 516151)
  ✅ Домашнее задание (с проверкой) (id: 524453)
  ✅ Видеолекция  «Анализ сложности алгоритмов» (id: 529335)
  ✅ Вебинар 9. Файловый ввод и вывод данных (id: 516152)
  ✅ Домашнее задание к вебинару «Файловый ввод и вывод данных» (тест) (id: 524454)
  ✅ Итоги темы 3 (id: 524375)
  ✅ Введение в тему 4 (id: 516153)
  ✅ Вебинар 10. Работа с многомерными массивами (id: 516154)
  ✅ Домашнее задание «Работа с многомерными массивами»(самостоятельное) (id: 524465)
  ✅ Применение структур данных и алгоритмов (id: 516155)
  ✅ Вебинар 11. Транспортная задача (id: 516156)
  ✅ Домашнее задание «Транспортная задача» (самостоятельное) (id: 524466)
  ✅ Итоги темы 4 (id: 524467)
  ✅ Введение в тему 5 (id: 516157)
  ✅ Вебинар 12. Численные методы (id: 516158)
  ✅ Задание к вебинару  «Численные методы» (тест) (id: 524469)
  ✅ Вебинар 13. Вывод данных в xml (id: 516159)
  ✅ Задание к вебинару «Вывод данных в XML» (id: 524472)
  ✅ Вебинар 14. Оптимизация и модификация кода (id: 516160)
  ✅ Задание к вебинару «Оптимизация и модификация кода» (id: 524473)
  ✅ Вебинар 15. Разбор элементов программы сжатия данных (id: 516161)
  ✅ Итоги темы 5 (id: 524474)
  ✅ Зачет (id: 516162)
  ✅ Вторая повторная промежуточная аттестация с 17 по 24 марта (id: 596177)
  ✅ Закрытие академической разницы (id: 607931)
  ✅ Опрос после изучения дисциплины (id: 567510)

📚 Предмет: Структуры данных и алгоритмы
   Разделов: 50
   📝 Имя предмета задано вручную: Структуры данных и алгоритмы

📂 Силлабус
🌐 https://netology.ru/profile/program/bhebfad-25-sda-1/lessons/516138
📄 Найдено материалов: 1
  ✅ Силлабус
   📄 1 материалов, собираем контент...
🌐 https://netology.ru/profile/program/bhebfad-25-sda-1/lessons/516138/lesson_items/2796396
⏳ Ждём загрузку ресурсов...
✅ PDF: 8857 символов
   🧠 Стратегия: split

============================================================
🎓 Силлабус
============================================================
   📁 Категория: Учебные материалы
   Символов: 8857
   ⏳ Генерация конспекта...
💾 Сохранено: /mnt/c/Users/golys/OneDrive/Рабочий стол/Second brain/Учеба (Фин. Ун.)/Дисциплины/Структуры данных и алгоритмы/Учебные материалы/Силлабус.md
   ✅ Готово
   ✅ Раздел завершён

📂 Введение в Тему 1
🌐 https://netology.ru/profile/program/bhebfad-25-sda-1/lessons/524338
📄 Найдено материалов: 1
  ✅ Введение
   📄 1 материалов, собираем контент...
🌐 https://netology.ru/profile/program/bhebfad-25-sda-1/lessons/524338/lesson_items/2841224
⏳ Ждём загрузку ресурсов...
   🧠 Стратегия: split

============================================================
🎓 Введение в Тему 1
============================================================
   📁 Категория: Учебные материалы
   Символов: 7055
   ⏳ Генерация конспекта...
💾 Сохранено: /mnt/c/Users/golys/OneDrive/Рабочий стол/Second brain/Учеба (Фин. Ун.)/Дисциплины/Структуры данных и алгоритмы/Учебные материалы/Введение в Тему 1.md
   ✅ Готово
   ✅ Раздел завершён

📂 Тема 1. Основные понятия структур данных и алгоритмов
🌐 https://netology.ru/profile/program/bhebfad-25-sda-1/lessons/516139
📄 Найдено материалов: 5
  ✅ Операционные системы
  ✅ Среды программирования
  ✅ Информация.Файловая система. Структура данных
  ✅ Блок-схема алгоритма.
  ✅ Презентация к видеолекции
   📄 5 материалов, собираем контент...
🌐 https://netology.ru/profile/program/bhebfad-25-sda-1/lessons/516139/lesson_items/2841225
⏳ Ждём загрузку ресурсов...
   🎬 Найдено видео, но текст уже достаточно длинный (6018 симв.), аудио не требуется
🌐 https://netology.ru/profile/program/bhebfad-25-sda-1/lessons/516139/lesson_items/2796400
⏳ Ждём загрузку ресурсов...
   🎬 Найдено видео, но текст уже достаточно длинный (6020 симв.), аудио не требуется
🌐 https://netology.ru/profile/program/bhebfad-25-sda-1/lessons/516139/lesson_items/2796401
⏳ Ждём загрузку ресурсов...
   🎬 Найдено видео, но текст уже достаточно длинный (6089 симв.), аудио не требуется
🌐 https://netology.ru/profile/program/bhebfad-25-sda-1/lessons/516139/lesson_items/2796402
⏳ Ждём загрузку ресурсов...
🌐 https://netology.ru/profile/program/bhebfad-25-sda-1/lessons/516139/lesson_items/2841833
⏳ Ждём загрузку ресурсов...
   🧠 Стратегия: merge_conspect

============================================================
🎓 Тема 1. Основные понятия структур данных и алгоритмов
============================================================
   📁 Категория: Конспекты
   Символов: 30353
   ⏳ Генерация конспекта...
💾 Сохранено: /mnt/c/Users/golys/OneDrive/Рабочий стол/Second brain/Учеба (Фин. Ун.)/Дисциплины/Структуры данных и алгоритмы/Конспекты/Тема 1. Основные понятия структур данных и алгоритмов.md
   ✅ Готово
   ✅ Раздел завершён

📂 Вебинар 1. Языки программирования, среды разработки. Типы данных, точность. Первая программа на С++
🌐 https://netology.ru/profile/program/bhebfad-25-sda-1/lessons/516140
📄 Найдено материалов: 2
  ✅ Языки программирования, среды разработки. Типы данных, точность. Первая программа на С++
  ✅ Презентация к вебинару «Языки программирования, среды разработки»
   📄 2 материалов, собираем контент...
🌐 https://netology.ru/profile/program/bhebfad-25-sda-1/lessons/516140/lesson_items/2796404
⏳ Ждём загрузку ресурсов...
   🎬 Найдено видео, но текст уже достаточно длинный (6279 симв.), аудио не требуется
🌐 https://netology.ru/profile/program/bhebfad-25-sda-1/lessons/516140/lesson_items/2841227
⏳ Ждём загрузку ресурсов...
✅ PDF: 7444 символов
   🎬 Найдено видео, но текст уже достаточно длинный (7444 симв.), аудио не требуется
   🧠 Стратегия: merge_conspect

============================================================
🎓 Вебинар 1. Языки программирования, среды разработки. Типы данных, точность. Первая программа на С++
============================================================
   📁 Категория: Конспекты
   Символов: 13893
   ⏳ Генерация конспекта...
💾 Сохранено: /mnt/c/Users/golys/OneDrive/Рабочий стол/Second brain/Учеба (Фин. Ун.)/Дисциплины/Структуры данных и алгоритмы/Конспекты/Вебинар 1. Языки программирования, среды разработки. Типы данных, точность..md
   ✅ Готово
   ✅ Раздел завершён

📂 Домашнее задание к вебинару «Языки программирования, среды разработки» (самостоятельное)
🌐 https://netology.ru/profile/program/bhebfad-25-sda-1/lessons/524372
📄 Найдено материалов: 1
  ✅ Домашнее задание к вебинару «Языки программирования, среды разработки» (самостоятельное). Дедлайн 15.09
   📄 1 материалов, собираем контент...
🌐 https://netology.ru/profile/program/bhebfad-25-sda-1/lessons/524372/lesson_items/2841723
⏳ Ждём загрузку ресурсов...
   🧠 Стратегия: skip
   ⏭️  Пропускаем (домашнее задание / контрольная / эссе)
   ✅ Раздел завершён

📂 Вебинар 2. Простейшие программы на С++
🌐 https://netology.ru/profile/program/bhebfad-25-sda-1/lessons/516141
📄 Найдено материалов: 2
  ✅ Простейшие программы на С++
  ✅ Презентация к вебинару «Простейшая программа на С++»
   📄 2 материалов, собираем контент...
🌐 https://netology.ru/profile/program/bhebfad-25-sda-1/lessons/516141/lesson_items/2796407
⏳ Ждём загрузку ресурсов...
   🎬 Найдено видео, но текст уже достаточно длинный (6039 симв.), аудио не требуется
🌐 https://netology.ru/profile/program/bhebfad-25-sda-1/lessons/516141/lesson_items/2841324
⏳ Ждём загрузку ресурсов...
✅ PDF: 6589 символов
   🎬 Найдено видео, но текст уже достаточно длинный (6589 симв.), аудио не требуется
   🧠 Стратегия: merge_conspect

============================================================
🎓 Вебинар 2. Простейшие программы на С++
============================================================
   📁 Категория: Конспекты
   Символов: 12724
   ⏳ Генерация конспекта...
💾 Сохранено: /mnt/c/Users/golys/OneDrive/Рабочий стол/Second brain/Учеба (Фин. Ун.)/Дисциплины/Структуры данных и алгоритмы/Конспекты/Вебинар 2. Простейшие программы на С++.md
   ✅ Готово
   ✅ Раздел завершён

📂 Домашнее задание «Простейшая программа на С++» (самостоятельное)
🌐 https://netology.ru/profile/program/bhebfad-25-sda-1/lessons/524373
📄 Найдено материалов: 1
  ✅ Домашнее задание «Простейшая программа на С++» (самостоятельное). Дедлайн 22.09
   📄 1 материалов, собираем контент...
🌐 https://netology.ru/profile/program/bhebfad-25-sda-1/lessons/524373/lesson_items/2841724
⏳ Ждём загрузку ресурсов...
   🧠 Стратегия: skip
   ⏭️  Пропускаем (домашнее задание / контрольная / эссе)
   ✅ Раздел завершён

📂 Вебинар 3. Правила поведения в среде разработки
🌐 https://netology.ru/profile/program/bhebfad-25-sda-1/lessons/516142
📄 Найдено материалов: 2
  ✅ Правила поведения в среде разработки
  ✅ Презентация к вебинару «Правила поведения в среде разработки»
   📄 2 материалов, собираем контент...
🌐 https://netology.ru/profile/program/bhebfad-25-sda-1/lessons/516142/lesson_items/2796410
⏳ Ждём загрузку ресурсов...
   🎬 Найдено видео, но текст уже достаточно длинный (6084 симв.), аудио не требуется
🌐 https://netology.ru/profile/program/bhebfad-25-sda-1/lessons/516142/lesson_items/2841326
⏳ Ждём загрузку ресурсов...
✅ PDF: 6580 символов
   🎬 Найдено видео, но текст уже достаточно длинный (6580 симв.), аудио не требуется
   🧠 Стратегия: merge_conspect

============================================================
🎓 Вебинар 3. Правила поведения в среде разработки
============================================================
   📁 Категория: Конспекты
   Символов: 12778
   ⏳ Генерация конспекта...
💾 Сохранено: /mnt/c/Users/golys/OneDrive/Рабочий стол/Second brain/Учеба (Фин. Ун.)/Дисциплины/Структуры данных и алгоритмы/Конспекты/Вебинар 3. Правила поведения в среде разработки.md
   ✅ Готово
   ✅ Раздел завершён

📂 Домашнее задание к вебинару «Правила поведения в среде разработки» (тест)
🌐 https://netology.ru/profile/program/bhebfad-25-sda-1/lessons/524374
📄 Найдено материалов: 1
  ✅ Домашнее задание к вебинару «Правила поведения в среде разработки» (тест). Дедлайн 27 сентября
   📄 1 материалов, собираем контент...
🌐 https://netology.ru/profile/program/bhebfad-25-sda-1/lessons/524374/lesson_items/2841725
⏳ Ждём загрузку ресурсов...
   🧠 Стратегия: skip
   ⏭️  Пропускаем (домашнее задание / контрольная / эссе)
   ✅ Раздел завершён

📂 Итоги темы 1
🌐 https://netology.ru/profile/program/bhebfad-25-sda-1/lessons/524371
📄 Найдено материалов: 1
  ✅ Заключение
   📄 1 материалов, собираем контент...
🌐 https://netology.ru/profile/program/bhebfad-25-sda-1/lessons/524371/lesson_items/2841722
⏳ Ждём загрузку ресурсов...
   🧠 Стратегия: split

============================================================
🎓 Итоги темы 1 — Заключение
============================================================
   📁 Категория: Учебные материалы
   Символов: 6292
   ⏳ Генерация конспекта...
💾 Сохранено: /mnt/c/Users/golys/OneDrive/Рабочий стол/Second brain/Учеба (Фин. Ун.)/Дисциплины/Структуры данных и алгоритмы/Учебные материалы/Итоги темы 1 — Заключение.md
   ✅ Готово
   ✅ Раздел завершён

📂 Введение в тему 2
🌐 https://netology.ru/profile/program/bhebfad-25-sda-1/lessons/516143
📄 Найдено материалов: 3
  ✅ Введение
  ✅ Массивы и связные списки
  ✅ Стеки и очереди.
   📄 3 материалов, собираем контент...
🌐 https://netology.ru/profile/program/bhebfad-25-sda-1/lessons/516143/lesson_items/2796414
⏳ Ждём загрузку ресурсов...
🌐 https://netology.ru/profile/program/bhebfad-25-sda-1/lessons/516143/lesson_items/2796415
⏳ Ждём загрузку ресурсов...
🌐 https://netology.ru/profile/program/bhebfad-25-sda-1/lessons/516143/lesson_items/2796416
⏳ Ждём загрузку ресурсов...
   🎬 Найдено видео, но текст уже достаточно длинный (5871 симв.), аудио не требуется
   🧠 Стратегия: merge_conspect

============================================================
🎓 Введение в тему 2
============================================================
   📁 Категория: Конспекты
   Символов: 18938
   ⏳ Генерация конспекта...
💾 Сохранено: /mnt/c/Users/golys/OneDrive/Рабочий стол/Second brain/Учеба (Фин. Ун.)/Дисциплины/Структуры данных и алгоритмы/Конспекты/Введение в тему 2.md
   ✅ Готово
   ✅ Раздел завершён

📂 Вебинар 4. Ввод и вывод данных. Преобразование типов. Цикл for
🌐 https://netology.ru/profile/program/bhebfad-25-sda-1/lessons/516144
📄 Найдено материалов: 2
  ✅ Ввод и вывод данных. Преобразование типов. Цикл for
  ✅ Презентация к вебинару «Ввод и вывод данных. Преобразование типов. Цикл for»
   📄 2 материалов, собираем контент...
🌐 https://netology.ru/profile/program/bhebfad-25-sda-1/lessons/516144/lesson_items/2796417
⏳ Ждём загрузку ресурсов...
   🎬 Найдено видео, но текст уже достаточно длинный (1413 симв.), аудио не требуется
🌐 https://netology.ru/profile/program/bhebfad-25-sda-1/lessons/516144/lesson_items/2841669
⏳ Ждём загрузку ресурсов...
✅ PDF: 8032 символов
   🧠 Стратегия: merge_conspect

============================================================
🎓 Вебинар 4. Ввод и вывод данных. Преобразование типов. Цикл for
============================================================
   📁 Категория: Конспекты
   Символов: 9589
   ⏳ Генерация конспекта...
💾 Сохранено: /mnt/c/Users/golys/OneDrive/Рабочий стол/Second brain/Учеба (Фин. Ун.)/Дисциплины/Структуры данных и алгоритмы/Конспекты/Вебинар 4. Ввод и вывод данных. Преобразование типов. Цикл for.md
   ✅ Готово
   ✅ Раздел завершён

📂 Домашнее задание к вебинару «Ввод и вывод данных. Преобразование типов. Цикл for» (тест)
🌐 https://netology.ru/profile/program/bhebfad-25-sda-1/lessons/524383
📄 Найдено материалов: 1
  ✅ Домашнее задание к вебинару «Ввод и вывод данных. Преобразование типов. Цикл for» (тест). Дедлайн 4.10
   📄 1 материалов, собираем контент...
🌐 https://netology.ru/profile/program/bhebfad-25-sda-1/lessons/524383/lesson_items/2841726
⏳ Ждём загрузку ресурсов...
   🧠 Стратегия: skip
   ⏭️  Пропускаем (домашнее задание / контрольная / эссе)
   ✅ Раздел завершён

📂 Деревья и графы
🌐 https://netology.ru/profile/program/bhebfad-25-sda-1/lessons/516145
📄 Найдено материалов: 2
  ✅ Деревья и графы.
  ✅ Презентация к видеолекции
   📄 2 материалов, собираем контент...
🌐 https://netology.ru/profile/program/bhebfad-25-sda-1/lessons/516145/lesson_items/2796420
⏳ Ждём загрузку ресурсов...
   🎬 Найдено видео, но текст уже достаточно длинный (5856 симв.), аудио не требуется
🌐 https://netology.ru/profile/program/bhebfad-25-sda-1/lessons/516145/lesson_items/2796421
⏳ Ждём загрузку ресурсов...
✅ PDF: 10709 символов
   🎬 Найдено видео, но текст уже достаточно длинный (10709 симв.), аудио не требуется
   🧠 Стратегия: merge_conspect

============================================================
🎓 Деревья и графы
============================================================
   📁 Категория: Конспекты
   Символов: 16623
   ⏳ Генерация конспекта...
💾 Сохранено: /mnt/c/Users/golys/OneDrive/Рабочий стол/Second brain/Учеба (Фин. Ун.)/Дисциплины/Структуры данных и алгоритмы/Конспекты/Деревья и графы.md
   ✅ Готово
   ✅ Раздел завершён

📂 Вебинар 5. Ветвление в программе.  Цикл с предусловием и постусловием
🌐 https://netology.ru/profile/program/bhebfad-25-sda-1/lessons/516146
📄 Найдено материалов: 2
  ✅ Ветвление в программе.  Цикл с предусловием и постусловием
  ✅ Презентация к вебинару «Ветвление в программе. Цикл с предусловием и постусловием»
   📄 2 материалов, собираем контент...
🌐 https://netology.ru/profile/program/bhebfad-25-sda-1/lessons/516146/lesson_items/2796422
⏳ Ждём загрузку ресурсов...
   🎬 Найдено видео, но текст уже достаточно длинный (6248 симв.), аудио не требуется
🌐 https://netology.ru/profile/program/bhebfad-25-sda-1/lessons/516146/lesson_items/2841668
⏳ Ждём загрузку ресурсов...
✅ PDF: 6750 символов
   🧠 Стратегия: merge_conspect

============================================================
🎓 Вебинар 5. Ветвление в программе.  Цикл с предусловием и постусловием
============================================================
   📁 Категория: Конспекты
   Символов: 13155
   ⏳ Генерация конспекта...
💾 Сохранено: /mnt/c/Users/golys/OneDrive/Рабочий стол/Second brain/Учеба (Фин. Ун.)/Дисциплины/Структуры данных и алгоритмы/Конспекты/Вебинар 5. Ветвление в программе.  Цикл с предусловием и постусловием.md
   ✅ Готово
   ✅ Раздел завершён

📂 Домашнее задание к вебинару «Ветвление в программе. Цикл с предусловием и постусловием» (самостоятельное)
🌐 https://netology.ru/profile/program/bhebfad-25-sda-1/lessons/524384
📄 Найдено материалов: 1
  ✅ Домашнее задание. Дедлайн 13.10
   📄 1 материалов, собираем контент...
🌐 https://netology.ru/profile/program/bhebfad-25-sda-1/lessons/524384/lesson_items/2841727
⏳ Ждём загрузку ресурсов...
   🧠 Стратегия: skip
   ⏭️  Пропускаем (домашнее задание / контрольная / эссе)
   ✅ Раздел завершён

📂 Итоги темы 2
🌐 https://netology.ru/profile/program/bhebfad-25-sda-1/lessons/524385
📄 Найдено материалов: 1
  ✅ Заключение
   📄 1 материалов, собираем контент...
🌐 https://netology.ru/profile/program/bhebfad-25-sda-1/lessons/524385/lesson_items/2841721
⏳ Ждём загрузку ресурсов...
   🧠 Стратегия: split

============================================================
🎓 Итоги темы 2 — Заключение
============================================================
   📁 Категория: Учебные материалы
   Символов: 6190
   ⏳ Генерация конспекта...
💾 Сохранено: /mnt/c/Users/golys/OneDrive/Рабочий стол/Second brain/Учеба (Фин. Ун.)/Дисциплины/Структуры данных и алгоритмы/Учебные материалы/Итоги темы 2 — Заключение.md
   ✅ Готово
   ✅ Раздел завершён

📂 Введение в тему 3
🌐 https://netology.ru/profile/program/bhebfad-25-sda-1/lessons/516147
📄 Найдено материалов: 3
  ✅ Введение
  ✅ Поиск и сортировка данных
  ✅ Обход деревьев и графов
   📄 3 материалов, собираем контент...
🌐 https://netology.ru/profile/program/bhebfad-25-sda-1/lessons/516147/lesson_items/2796425
⏳ Ждём загрузку ресурсов...
🌐 https://netology.ru/profile/program/bhebfad-25-sda-1/lessons/516147/lesson_items/2796426
⏳ Ждём загрузку ресурсов...
   🎬 Найдено видео, но текст уже достаточно длинный (5914 симв.), аудио не требуется
🌐 https://netology.ru/profile/program/bhebfad-25-sda-1/lessons/516147/lesson_items/2796427
⏳ Ждём загрузку ресурсов...
   🧠 Стратегия: merge_conspect

============================================================
🎓 Введение в тему 3
============================================================
   📁 Категория: Конспекты
   Символов: 18986
   ⏳ Генерация конспекта...
💾 Сохранено: /mnt/c/Users/golys/OneDrive/Рабочий стол/Second brain/Учеба (Фин. Ун.)/Дисциплины/Структуры данных и алгоритмы/Конспекты/Введение в тему 3.md
   ✅ Готово
   ✅ Раздел завершён

📂 Вебинар 6. Сортировка пузырьком. Быстрая сортировка
🌐 https://netology.ru/profile/program/bhebfad-25-sda-1/lessons/516148
📄 Найдено материалов: 2
  ✅ Сортировка пузырьком. Быстрая сортировка
  ✅ Презентация к вебинару «Сортировка пузырьком. Быстрая сортировка»
   📄 2 материалов, собираем контент...
🌐 https://netology.ru/profile/program/bhebfad-25-sda-1/lessons/516148/lesson_items/2796428
⏳ Ждём загрузку ресурсов...
🌐 https://netology.ru/profile/program/bhebfad-25-sda-1/lessons/516148/lesson_items/2841667
⏳ Ждём загрузку ресурсов...
   🎬 Найдено видео, но текст уже достаточно длинный (6158 симв.), аудио не требуется
   🧠 Стратегия: merge_conspect

============================================================
🎓 Вебинар 6. Сортировка пузырьком. Быстрая сортировка
============================================================
   📁 Категория: Конспекты
   Символов: 12333
   ⏳ Генерация конспекта...
💾 Сохранено: /mnt/c/Users/golys/OneDrive/Рабочий стол/Second brain/Учеба (Фин. Ун.)/Дисциплины/Структуры данных и алгоритмы/Конспекты/Вебинар 6. Сортировка пузырьком. Быстрая сортировка.md
   ✅ Готово
   ✅ Раздел завершён

📂 Видеолекция «Динамическое программирование»
🌐 https://netology.ru/profile/program/bhebfad-25-sda-1/lessons/529333
📄 Найдено материалов: 1
  ✅ Динамическое программирование
   📄 1 материалов, собираем контент...
🌐 https://netology.ru/profile/program/bhebfad-25-sda-1/lessons/529333/lesson_items/2865775
⏳ Ждём загрузку ресурсов...
   🎬 Найдено видео, но текст уже достаточно длинный (5889 симв.), аудио не требуется
   🧠 Стратегия: merge_conspect

============================================================
🎓 Видеолекция «Динамическое программирование»
============================================================
   📁 Категория: Конспекты
   Символов: 5923
   ⏳ Генерация конспекта...
💾 Сохранено: /mnt/c/Users/golys/OneDrive/Рабочий стол/Second brain/Учеба (Фин. Ун.)/Дисциплины/Структуры данных и алгоритмы/Конспекты/Видеолекция «Динамическое программирование».md
   ✅ Готово
   ✅ Раздел завершён

📂 Домашнее задание к вебинару «Сортировка пузырьком. Быстрая сортировка» (самостоятельное)
🌐 https://netology.ru/profile/program/bhebfad-25-sda-1/lessons/524488
📄 Найдено материалов: 1
  ✅ Домашнее задание. Дедлайн 20.10
   📄 1 материалов, собираем контент...
🌐 https://netology.ru/profile/program/bhebfad-25-sda-1/lessons/524488/lesson_items/2841823
⏳ Ждём загрузку ресурсов...
   🧠 Стратегия: skip
   ⏭️  Пропускаем (домашнее задание / контрольная / эссе)
   ✅ Раздел завершён

📂 Вебинар 7. Задача о рюкзаке
🌐 https://netology.ru/profile/program/bhebfad-25-sda-1/lessons/516149
📄 Найдено материалов: 2
  ✅ Задача о рюкзаке
  ✅ Презентация к вебинару «Задача о рюкзаке»
   📄 2 материалов, собираем контент...
🌐 https://netology.ru/profile/program/bhebfad-25-sda-1/lessons/516149/lesson_items/2796432
⏳ Ждём загрузку ресурсов...
   🎬 Найдено видео, но текст уже достаточно длинный (5958 симв.), аудио не требуется
🌐 https://netology.ru/profile/program/bhebfad-25-sda-1/lessons/516149/lesson_items/2841670
⏳ Ждём загрузку ресурсов...
   🧠 Стратегия: merge_conspect

============================================================
🎓 Вебинар 7. Задача о рюкзаке
============================================================
   📁 Категория: Конспекты
   Символов: 12047
   ⏳ Генерация конспекта...
💾 Сохранено: /mnt/c/Users/golys/OneDrive/Рабочий стол/Second brain/Учеба (Фин. Ун.)/Дисциплины/Структуры данных и алгоритмы/Конспекты/Вебинар 7. Задача о рюкзаке.md
   ✅ Готово
   ✅ Раздел завершён

📂 Домашнее задание к вебинару «Задача о рюкзаке» (тест)
🌐 https://netology.ru/profile/program/bhebfad-25-sda-1/lessons/516150
📄 Найдено материалов: 1
  ✅ Домашнее задание к вебинару «Задача о рюкзаке» (тест). Дедлайн 24.10
   📄 1 материалов, собираем контент...
🌐 https://netology.ru/profile/program/bhebfad-25-sda-1/lessons/516150/lesson_items/2841824
⏳ Ждём загрузку ресурсов...
   🧠 Стратегия: skip
   ⏭️  Пропускаем (домашнее задание / контрольная / эссе)
   ✅ Раздел завершён

📂 Видеолекции «Жадные алгоритмы» и «Рекурсия»
🌐 https://netology.ru/profile/program/bhebfad-25-sda-1/lessons/529334
📄 Найдено материалов: 2
  ✅ Жадные алгоритмы
  ✅ Рекурсия
   📄 2 материалов, собираем контент...
🌐 https://netology.ru/profile/program/bhebfad-25-sda-1/lessons/529334/lesson_items/2865778
⏳ Ждём загрузку ресурсов...
   🎬 Найдено видео, но текст уже достаточно длинный (5852 симв.), аудио не требуется
🌐 https://netology.ru/profile/program/bhebfad-25-sda-1/lessons/529334/lesson_items/2865779
⏳ Ждём загрузку ресурсов...
   🎬 Найдено видео, но текст уже достаточно длинный (5859 симв.), аудио не требуется
   🧠 Стратегия: merge_conspect

============================================================
🎓 Видеолекции «Жадные алгоритмы» и «Рекурсия»
============================================================
   📁 Категория: Конспекты
   Символов: 11752
   ⏳ Генерация конспекта...
💾 Сохранено: /mnt/c/Users/golys/OneDrive/Рабочий стол/Second brain/Учеба (Фин. Ун.)/Дисциплины/Структуры данных и алгоритмы/Конспекты/Видеолекции «Жадные алгоритмы» и «Рекурсия».md
   ✅ Готово
   ✅ Раздел завершён

📂 Вебинар 8. Нахождение оптимального маршрута
🌐 https://netology.ru/profile/program/bhebfad-25-sda-1/lessons/516151
📄 Найдено материалов: 2
  ✅ Нахождение оптимального маршрута
  ✅ Презентация к вебинару «Нахождение оптимального маршрута»
   📄 2 материалов, собираем контент...
🌐 https://netology.ru/profile/program/bhebfad-25-sda-1/lessons/516151/lesson_items/2796437
⏳ Ждём загрузку ресурсов...
🌐 https://netology.ru/profile/program/bhebfad-25-sda-1/lessons/516151/lesson_items/2841671
⏳ Ждём загрузку ресурсов...
   🎬 Найдено видео, но текст уже достаточно длинный (6104 симв.), аудио не требуется
   🧠 Стратегия: merge_conspect

============================================================
🎓 Вебинар 8. Нахождение оптимального маршрута
============================================================
   📁 Категория: Конспекты
   Символов: 12228
   ⏳ Генерация конспекта...
💾 Сохранено: /mnt/c/Users/golys/OneDrive/Рабочий стол/Second brain/Учеба (Фин. Ун.)/Дисциплины/Структуры данных и алгоритмы/Конспекты/Вебинар 8. Нахождение оптимального маршрута.md
   ✅ Готово
   ✅ Раздел завершён

📂 Домашнее задание (с проверкой)
🌐 https://netology.ru/profile/program/bhebfad-25-sda-1/lessons/524453
📄 Найдено материалов: 2
  ✅ Домашнее задание
  ✅ Дополнительный материал к ДЗ
   📄 2 материалов, собираем контент...
🌐 https://netology.ru/profile/program/bhebfad-25-sda-1/lessons/524453/lesson_items/2841825
⏳ Ждём загрузку ресурсов...
🌐 https://netology.ru/profile/program/bhebfad-25-sda-1/lessons/524453/lesson_items/2841826
⏳ Ждём загрузку ресурсов...
✅ PDF: 6306 символов
   🧠 Стратегия: skip
   ⏭️  Пропускаем (домашнее задание / контрольная / эссе)
   ✅ Раздел завершён

📂 Видеолекция  «Анализ сложности алгоритмов»
🌐 https://netology.ru/profile/program/bhebfad-25-sda-1/lessons/529335
📄 Найдено материалов: 2
  ✅ Анализ сложности алгоритмов
  ✅ Презентация к видеолекции
   📄 2 материалов, собираем контент...
🌐 https://netology.ru/profile/program/bhebfad-25-sda-1/lessons/529335/lesson_items/2865780
⏳ Ждём загрузку ресурсов...
   🎬 Найдено видео, но текст уже достаточно длинный (5919 симв.), аудио не требуется
🌐 https://netology.ru/profile/program/bhebfad-25-sda-1/lessons/529335/lesson_items/2865781
⏳ Ждём загрузку ресурсов...
✅ PDF: 16873 символов
   🧠 Стратегия: merge_conspect

============================================================
🎓 Видеолекция  «Анализ сложности алгоритмов»
============================================================
   📁 Категория: Конспекты
   Символов: 22861
   ⏳ Генерация конспекта...
💾 Сохранено: /mnt/c/Users/golys/OneDrive/Рабочий стол/Second brain/Учеба (Фин. Ун.)/Дисциплины/Структуры данных и алгоритмы/Конспекты/Видеолекция  «Анализ сложности алгоритмов».md
   ✅ Готово
   ✅ Раздел завершён

📂 Вебинар 9. Файловый ввод и вывод данных
🌐 https://netology.ru/profile/program/bhebfad-25-sda-1/lessons/516152
📄 Найдено материалов: 2
  ✅ Файловый ввод и вывод данных
  ✅ Презентация к вебинару «Файловый ввод и вывод данных»
   📄 2 материалов, собираем контент...
🌐 https://netology.ru/profile/program/bhebfad-25-sda-1/lessons/516152/lesson_items/2796443
⏳ Ждём загрузку ресурсов...
   🎬 Найдено видео, но текст уже достаточно длинный (6052 симв.), аудио не требуется
🌐 https://netology.ru/profile/program/bhebfad-25-sda-1/lessons/516152/lesson_items/2841672
⏳ Ждём загрузку ресурсов...
✅ VTT: 32972 символов
   🎬 Найдено видео, но текст уже достаточно длинный (32972 симв.), аудио не требуется
   🧠 Стратегия: merge_conspect

============================================================
🎓 Вебинар 9. Файловый ввод и вывод данных
============================================================
   📁 Категория: Конспекты
   Символов: 39122
   ⏳ Генерация конспекта...
💾 Сохранено: /mnt/c/Users/golys/OneDrive/Рабочий стол/Second brain/Учеба (Фин. Ун.)/Дисциплины/Структуры данных и алгоритмы/Конспекты/Вебинар 9. Файловый ввод и вывод данных.md
   ✅ Готово
   ✅ Раздел завершён

📂 Домашнее задание к вебинару «Файловый ввод и вывод данных» (тест)
🌐 https://netology.ru/profile/program/bhebfad-25-sda-1/lessons/524454
📄 Найдено материалов: 1
  ✅ Домашнее задание к вебинару «Файловый ввод и вывод данных» (тест). Дедлайн 05.11
   📄 1 материалов, собираем контент...
🌐 https://netology.ru/profile/program/bhebfad-25-sda-1/lessons/524454/lesson_items/2841827
⏳ Ждём загрузку ресурсов...
   🧠 Стратегия: skip
   ⏭️  Пропускаем (домашнее задание / контрольная / эссе)
   ✅ Раздел завершён

📂 Итоги темы 3
🌐 https://netology.ru/profile/program/bhebfad-25-sda-1/lessons/524375
📄 Найдено материалов: 1
  ✅ Заключение
   📄 1 материалов, собираем контент...
🌐 https://netology.ru/profile/program/bhebfad-25-sda-1/lessons/524375/lesson_items/2841720
⏳ Ждём загрузку ресурсов...
   🧠 Стратегия: split

============================================================
🎓 Итоги темы 3 — Заключение
============================================================
   📁 Категория: Учебные материалы
   Символов: 6211
   ⏳ Генерация конспекта...
💾 Сохранено: /mnt/c/Users/golys/OneDrive/Рабочий стол/Second brain/Учеба (Фин. Ун.)/Дисциплины/Структуры данных и алгоритмы/Учебные материалы/Итоги темы 3 — Заключение.md
   ✅ Готово
   ✅ Раздел завершён

📂 Введение в тему 4
🌐 https://netology.ru/profile/program/bhebfad-25-sda-1/lessons/516153
📄 Найдено материалов: 2
  ✅ Введение
  ✅ Анализ данных
   📄 2 материалов, собираем контент...
🌐 https://netology.ru/profile/program/bhebfad-25-sda-1/lessons/516153/lesson_items/2796447
⏳ Ждём загрузку ресурсов...
🌐 https://netology.ru/profile/program/bhebfad-25-sda-1/lessons/516153/lesson_items/2796448
⏳ Ждём загрузку ресурсов...
   🎬 Найдено видео, но текст уже достаточно длинный (5831 симв.), аудио не требуется
   🧠 Стратегия: merge_conspect

============================================================
🎓 Введение в тему 4
============================================================
   📁 Категория: Конспекты
   Символов: 13120
   ⏳ Генерация конспекта...
💾 Сохранено: /mnt/c/Users/golys/OneDrive/Рабочий стол/Second brain/Учеба (Фин. Ун.)/Дисциплины/Структуры данных и алгоритмы/Конспекты/Введение в тему 4.md
   ✅ Готово
   ✅ Раздел завершён

📂 Вебинар 10. Работа с многомерными массивами
🌐 https://netology.ru/profile/program/bhebfad-25-sda-1/lessons/516154
📄 Найдено материалов: 2
  ✅ Работа с многомерными массивами
  ✅ Презентация к вебинару «Работа с многомерными массивами»
   📄 2 материалов, собираем контент...
🌐 https://netology.ru/profile/program/bhebfad-25-sda-1/lessons/516154/lesson_items/2796449
⏳ Ждём загрузку ресурсов...
✅ VTT: 24539 символов
   🎬 Найдено видео, но текст уже достаточно длинный (24539 симв.), аудио не требуется
🌐 https://netology.ru/profile/program/bhebfad-25-sda-1/lessons/516154/lesson_items/2841704
⏳ Ждём загрузку ресурсов...
✅ PDF: 5876 символов
   🧠 Стратегия: merge_conspect

============================================================
🎓 Вебинар 10. Работа с многомерными массивами
============================================================
   📁 Категория: Конспекты
   Символов: 30519
   ⏳ Генерация конспекта...
💾 Сохранено: /mnt/c/Users/golys/OneDrive/Рабочий стол/Second brain/Учеба (Фин. Ун.)/Дисциплины/Структуры данных и алгоритмы/Конспекты/Вебинар 10. Работа с многомерными массивами.md
   ✅ Готово
   ✅ Раздел завершён

📂 Домашнее задание «Работа с многомерными массивами»(самостоятельное)
🌐 https://netology.ru/profile/program/bhebfad-25-sda-1/lessons/524465
📄 Найдено материалов: 1
  ✅ Домашнее задание «Работа с многомерными массивами»(самостоятельное). Дедлайн 24.11
   📄 1 материалов, собираем контент...
🌐 https://netology.ru/profile/program/bhebfad-25-sda-1/lessons/524465/lesson_items/2841828
⏳ Ждём загрузку ресурсов...
   🧠 Стратегия: skip
   ⏭️  Пропускаем (домашнее задание / контрольная / эссе)
   ✅ Раздел завершён

📂 Применение структур данных и алгоритмов
🌐 https://netology.ru/profile/program/bhebfad-25-sda-1/lessons/516155
📄 Найдено материалов: 3
  ✅ Обработка финансовых данных
  ✅ Решение задач оптимизации и поиска
  ✅ Презентация к видеолекции
   📄 3 материалов, собираем контент...
🌐 https://netology.ru/profile/program/bhebfad-25-sda-1/lessons/516155/lesson_items/2796452
⏳ Ждём загрузку ресурсов...
🌐 https://netology.ru/profile/program/bhebfad-25-sda-1/lessons/516155/lesson_items/2796453
⏳ Ждём загрузку ресурсов...
   🎬 Найдено видео, но текст уже достаточно длинный (5986 симв.), аудио не требуется
🌐 https://netology.ru/profile/program/bhebfad-25-sda-1/lessons/516155/lesson_items/2796454
⏳ Ждём загрузку ресурсов...
   🎬 Найдено видео, но текст уже достаточно длинный (5985 симв.), аудио не требуется
   🧠 Стратегия: merge_conspect

============================================================
🎓 Применение структур данных и алгоритмов
============================================================
   📁 Категория: Конспекты
   Символов: 18013
   ⏳ Генерация конспекта...
💾 Сохранено: /mnt/c/Users/golys/OneDrive/Рабочий стол/Second brain/Учеба (Фин. Ун.)/Дисциплины/Структуры данных и алгоритмы/Конспекты/Применение структур данных и алгоритмов.md
   ✅ Готово
   ✅ Раздел завершён

📂 Вебинар 11. Транспортная задача
🌐 https://netology.ru/profile/program/bhebfad-25-sda-1/lessons/516156
📄 Найдено материалов: 2
  ✅ Транспортная задача
  ✅ Презентация к вебинару «Транспортная задача»
   📄 2 материалов, собираем контент...
🌐 https://netology.ru/profile/program/bhebfad-25-sda-1/lessons/516156/lesson_items/2796455
⏳ Ждём загрузку ресурсов...
   🎬 Найдено видео, но текст уже достаточно длинный (5973 симв.), аудио не требуется
🌐 https://netology.ru/profile/program/bhebfad-25-sda-1/lessons/516156/lesson_items/2841705
⏳ Ждём загрузку ресурсов...
✅ VTT: 34570 символов
   🧠 Стратегия: merge_conspect

============================================================
🎓 Вебинар 11. Транспортная задача
============================================================
   📁 Категория: Конспекты
   Символов: 40623
   ⏳ Генерация конспекта...
💾 Сохранено: /mnt/c/Users/golys/OneDrive/Рабочий стол/Second brain/Учеба (Фин. Ун.)/Дисциплины/Структуры данных и алгоритмы/Конспекты/Вебинар 11. Транспортная задача.md
   ✅ Готово
   ✅ Раздел завершён

📂 Домашнее задание «Транспортная задача» (самостоятельное)
🌐 https://netology.ru/profile/program/bhebfad-25-sda-1/lessons/524466
📄 Найдено материалов: 1
  ✅ Домашнее задание «Транспортная задача» (самостоятельное). Дедлайн 01.12
   📄 1 материалов, собираем контент...
🌐 https://netology.ru/profile/program/bhebfad-25-sda-1/lessons/524466/lesson_items/2841829
⏳ Ждём загрузку ресурсов...
   🧠 Стратегия: skip
   ⏭️  Пропускаем (домашнее задание / контрольная / эссе)
   ✅ Раздел завершён

📂 Итоги темы 4
🌐 https://netology.ru/profile/program/bhebfad-25-sda-1/lessons/524467
📄 Найдено материалов: 1
  ✅ Заключение
   📄 1 материалов, собираем контент...
🌐 https://netology.ru/profile/program/bhebfad-25-sda-1/lessons/524467/lesson_items/2841719
⏳ Ждём загрузку ресурсов...
   🧠 Стратегия: split

============================================================
🎓 Итоги темы 4 — Заключение
============================================================
   📁 Категория: Учебные материалы
   Символов: 6234
   ⏳ Генерация конспекта...
💾 Сохранено: /mnt/c/Users/golys/OneDrive/Рабочий стол/Second brain/Учеба (Фин. Ун.)/Дисциплины/Структуры данных и алгоритмы/Учебные материалы/Итоги темы 4 — Заключение.md
   ✅ Готово
   ✅ Раздел завершён

📂 Введение в тему 5
🌐 https://netology.ru/profile/program/bhebfad-25-sda-1/lessons/516157
📄 Найдено материалов: 4
  ✅ Введение
  ✅ Реализация структур данных и алгоритмов на языке программирования
  ✅ Оптимизация и улучшение алгоритмов. Проектирование и анализ алгоритмов
  ✅ Презентация к видеолекции
   📄 4 материалов, собираем контент...
🌐 https://netology.ru/profile/program/bhebfad-25-sda-1/lessons/516157/lesson_items/2796459
⏳ Ждём загрузку ресурсов...
🌐 https://netology.ru/profile/program/bhebfad-25-sda-1/lessons/516157/lesson_items/2796460
⏳ Ждём загрузку ресурсов...
🌐 https://netology.ru/profile/program/bhebfad-25-sda-1/lessons/516157/lesson_items/2796461
⏳ Ждём загрузку ресурсов...
   🎬 Найдено видео, но текст уже достаточно длинный (6124 симв.), аудио не требуется
🌐 https://netology.ru/profile/program/bhebfad-25-sda-1/lessons/516157/lesson_items/2796462
⏳ Ждём загрузку ресурсов...
✅ PDF: 9074 символов
   🧠 Стратегия: merge_conspect

============================================================
🎓 Введение в тему 5
============================================================
   📁 Категория: Конспекты
   Символов: 28749
   ⏳ Генерация конспекта...
💾 Сохранено: /mnt/c/Users/golys/OneDrive/Рабочий стол/Second brain/Учеба (Фин. Ун.)/Дисциплины/Структуры данных и алгоритмы/Конспекты/Введение в тему 5.md
   ✅ Готово
   ✅ Раздел завершён

📂 Вебинар 12. Численные методы
🌐 https://netology.ru/profile/program/bhebfad-25-sda-1/lessons/516158
📄 Найдено материалов: 2
  ✅ Численные методы
  ✅ Презентация к вебинару «Численные методы»
   📄 2 материалов, собираем контент...
🌐 https://netology.ru/profile/program/bhebfad-25-sda-1/lessons/516158/lesson_items/2796463
⏳ Ждём загрузку ресурсов...
✅ VTT: 26649 символов
   🎬 Найдено видео, но текст уже достаточно длинный (26649 симв.), аудио не требуется
🌐 https://netology.ru/profile/program/bhebfad-25-sda-1/lessons/516158/lesson_items/2841706
⏳ Ждём загрузку ресурсов...
✅ PDF: 5050 символов
   🧠 Стратегия: merge_conspect

============================================================
🎓 Вебинар 12. Численные методы
============================================================
   📁 Категория: Конспекты
   Символов: 31773
   ⏳ Генерация конспекта...
💾 Сохранено: /mnt/c/Users/golys/OneDrive/Рабочий стол/Second brain/Учеба (Фин. Ун.)/Дисциплины/Структуры данных и алгоритмы/Конспекты/Вебинар 12. Численные методы.md
   ✅ Готово
   ✅ Раздел завершён

📂 Задание к вебинару  «Численные методы» (тест)
🌐 https://netology.ru/profile/program/bhebfad-25-sda-1/lessons/524469
📄 Найдено материалов: 1
  ✅ Задание к вебинару  «Численные методы» (тест). Дедлайн 06.12
   📄 1 материалов, собираем контент...
🌐 https://netology.ru/profile/program/bhebfad-25-sda-1/lessons/524469/lesson_items/2841830
⏳ Ждём загрузку ресурсов...
   🧠 Стратегия: merge_conspect

============================================================
🎓 Задание к вебинару  «Численные методы» (тест)
============================================================
   📁 Категория: Конспекты
   Символов: 6076
   ⏳ Генерация конспекта...
💾 Сохранено: /mnt/c/Users/golys/OneDrive/Рабочий стол/Second brain/Учеба (Фин. Ун.)/Дисциплины/Структуры данных и алгоритмы/Конспекты/Задание к вебинару  «Численные методы» (тест).md
   ✅ Готово
   ✅ Раздел завершён

📂 Вебинар 13. Вывод данных в xml
🌐 https://netology.ru/profile/program/bhebfad-25-sda-1/lessons/516159
📄 Найдено материалов: 2
  ✅ Вывод данных в xml
  ✅ Презентация к вебинару  «Вывод данных в XML»
   📄 2 материалов, собираем контент...
🌐 https://netology.ru/profile/program/bhebfad-25-sda-1/lessons/516159/lesson_items/2796466
⏳ Ждём загрузку ресурсов...
✅ VTT: 29886 символов
   🎬 Найдено видео, но текст уже достаточно длинный (29886 симв.), аудио не требуется
🌐 https://netology.ru/profile/program/bhebfad-25-sda-1/lessons/516159/lesson_items/2841707
⏳ Ждём загрузку ресурсов...
✅ PDF: 7116 символов
   🧠 Стратегия: merge_conspect

============================================================
🎓 Вебинар 13. Вывод данных в xml
============================================================
   📁 Категория: Конспекты
   Символов: 37081
   ⏳ Генерация конспекта...
💾 Сохранено: /mnt/c/Users/golys/OneDrive/Рабочий стол/Second brain/Учеба (Фин. Ун.)/Дисциплины/Структуры данных и алгоритмы/Конспекты/Вебинар 13. Вывод данных в xml.md
   ✅ Готово
   ✅ Раздел завершён

📂 Задание к вебинару «Вывод данных в XML»
🌐 https://netology.ru/profile/program/bhebfad-25-sda-1/lessons/524472
📄 Найдено материалов: 1
  ✅ Задание к вебинару «Вывод данных в XML». Дедлайн 13.12
   📄 1 материалов, собираем контент...
🌐 https://netology.ru/profile/program/bhebfad-25-sda-1/lessons/524472/lesson_items/2841831
⏳ Ждём загрузку ресурсов...
   🧠 Стратегия: merge_conspect

============================================================
🎓 Задание к вебинару «Вывод данных в XML»
============================================================
   📁 Категория: Конспекты
   Символов: 6046
   ⏳ Генерация конспекта...
💾 Сохранено: /mnt/c/Users/golys/OneDrive/Рабочий стол/Second brain/Учеба (Фин. Ун.)/Дисциплины/Структуры данных и алгоритмы/Конспекты/Задание к вебинару «Вывод данных в XML».md
   ✅ Готово
   ✅ Раздел завершён

📂 Вебинар 14. Оптимизация и модификация кода
🌐 https://netology.ru/profile/program/bhebfad-25-sda-1/lessons/516160
📄 Найдено материалов: 2
  ✅ Оптимизация и модификация кода
  ✅ Презентация к вебинару «Оптимизация и модификация кода»
   📄 2 материалов, собираем контент...
🌐 https://netology.ru/profile/program/bhebfad-25-sda-1/lessons/516160/lesson_items/2796469
⏳ Ждём загрузку ресурсов...
✅ VTT: 24916 символов
   🎬 Найдено видео, но текст уже достаточно длинный (24916 симв.), аудио не требуется
🌐 https://netology.ru/profile/program/bhebfad-25-sda-1/lessons/516160/lesson_items/2841708
⏳ Ждём загрузку ресурсов...
✅ PDF: 6535 символов
   🧠 Стратегия: merge_conspect

============================================================
🎓 Вебинар 14. Оптимизация и модификация кода
============================================================
   📁 Категория: Конспекты
   Символов: 31553
   ⏳ Генерация конспекта...
💾 Сохранено: /mnt/c/Users/golys/OneDrive/Рабочий стол/Second brain/Учеба (Фин. Ун.)/Дисциплины/Структуры данных и алгоритмы/Конспекты/Вебинар 14. Оптимизация и модификация кода.md
   ✅ Готово
   ✅ Раздел завершён

📂 Задание к вебинару «Оптимизация и модификация кода»
🌐 https://netology.ru/profile/program/bhebfad-25-sda-1/lessons/524473
📄 Найдено материалов: 1
  ✅ Задание к вебинару «Оптимизация и модификация кода». Дедлайн 20.12
   📄 1 материалов, собираем контент...
🌐 https://netology.ru/profile/program/bhebfad-25-sda-1/lessons/524473/lesson_items/2841832
⏳ Ждём загрузку ресурсов...
   🧠 Стратегия: merge_conspect

============================================================
🎓 Задание к вебинару «Оптимизация и модификация кода»
============================================================
   📁 Категория: Конспекты
   Символов: 6241
   ⏳ Генерация конспекта...
💾 Сохранено: /mnt/c/Users/golys/OneDrive/Рабочий стол/Second brain/Учеба (Фин. Ун.)/Дисциплины/Структуры данных и алгоритмы/Конспекты/Задание к вебинару «Оптимизация и модификация кода».md
   ✅ Готово
   ✅ Раздел завершён

📂 Вебинар 15. Разбор элементов программы сжатия данных
🌐 https://netology.ru/profile/program/bhebfad-25-sda-1/lessons/516161
📄 Найдено материалов: 3
  ✅ Разбор элементов программы сжатия данных
  ✅ Презентация к вебинару «Разбор элементов программы сжатия данных»
  ✅ Глоссарий
   📄 3 материалов, собираем контент...
🌐 https://netology.ru/profile/program/bhebfad-25-sda-1/lessons/516161/lesson_items/2796472
⏳ Ждём загрузку ресурсов...
✅ VTT: 24765 символов
   🎬 Найдено видео, но текст уже достаточно длинный (24765 симв.), аудио не требуется
🌐 https://netology.ru/profile/program/bhebfad-25-sda-1/lessons/516161/lesson_items/2841709
⏳ Ждём загрузку ресурсов...
✅ PDF: 6051 символов
🌐 https://netology.ru/profile/program/bhebfad-25-sda-1/lessons/516161/lesson_items/2841711
⏳ Ждём загрузку ресурсов...
✅ PDF: 1172 символов
   🧠 Стратегия: merge_conspect

============================================================
🎓 Вебинар 15. Разбор элементов программы сжатия данных
============================================================
   📁 Категория: Конспекты
   Символов: 32131
   ⏳ Генерация конспекта...
💾 Сохранено: /mnt/c/Users/golys/OneDrive/Рабочий стол/Second brain/Учеба (Фин. Ун.)/Дисциплины/Структуры данных и алгоритмы/Конспекты/Вебинар 15. Разбор элементов программы сжатия данных.md
   ✅ Готово
   ✅ Раздел завершён

📂 Итоги темы 5
🌐 https://netology.ru/profile/program/bhebfad-25-sda-1/lessons/524474
📄 Найдено материалов: 1
  ✅ Итоги темы 5
   📄 1 материалов, собираем контент...
🌐 https://netology.ru/profile/program/bhebfad-25-sda-1/lessons/524474/lesson_items/2841718
⏳ Ждём загрузку ресурсов...
   🧠 Стратегия: split

============================================================
🎓 Итоги темы 5
============================================================
   📁 Категория: Учебные материалы
   Символов: 6210
   ⏳ Генерация конспекта...
💾 Сохранено: /mnt/c/Users/golys/OneDrive/Рабочий стол/Second brain/Учеба (Фин. Ун.)/Дисциплины/Структуры данных и алгоритмы/Учебные материалы/Итоги темы 5.md
   ✅ Готово
   ✅ Раздел завершён

📂 Зачет
🌐 https://netology.ru/profile/program/bhebfad-25-sda-1/lessons/516162
📄 Найдено материалов: 1
  ✅ Итоговый тест по дисциплине «Структуры данных и алгоритмы»
   📄 1 материалов, собираем контент...
🌐 https://netology.ru/profile/program/bhebfad-25-sda-1/lessons/516162/lesson_items/2796476
⏳ Ждём загрузку ресурсов...
   🧠 Стратегия: split

============================================================
🎓 Зачет — Итоговый тест по дисциплине «Структуры данных и алгоритмы»
============================================================
   📁 Категория: Информация по дисциплине
   Символов: 5988
   ⏳ Генерация конспекта...
💾 Сохранено: /mnt/c/Users/golys/OneDrive/Рабочий стол/Second brain/Учеба (Фин. Ун.)/Дисциплины/Структуры данных и алгоритмы/Информация по дисциплине/Зачет — Итоговый тест по дисциплине «Структуры данных и алгоритмы».md
   ✅ Готово
   ✅ Раздел завершён

📂 Вторая повторная промежуточная аттестация с 17 по 24 марта
🌐 https://netology.ru/profile/program/bhebfad-25-sda-1/lessons/596177
📄 Найдено материалов: 1
  ✅ Тест для второй повторной промежуточной аттестации. Дедлайн - 24 марта
   📄 1 материалов, собираем контент...
🌐 https://netology.ru/profile/program/bhebfad-25-sda-1/lessons/596177/lesson_items/3211507
⏳ Ждём загрузку ресурсов...
   🧠 Стратегия: skip
   ⏭️  Пропускаем (домашнее задание / контрольная / эссе)
   ✅ Раздел завершён

📂 Закрытие академической разницы
🌐 https://netology.ru/profile/program/bhebfad-25-sda-1/lessons/607931
📄 Найдено материалов: 1
  ✅ Итоговый тест по дисциплине «Структуры данных и алгоритмы»
   📄 1 материалов, собираем контент...
🌐 https://netology.ru/profile/program/bhebfad-25-sda-1/lessons/607931/lesson_items/3273410
⏳ Ждём загрузку ресурсов...
   🧠 Стратегия: split

============================================================
🎓 Закрытие академической разницы — Итоговый тест по дисциплине «Структуры данных и алгоритмы»
============================================================
   📁 Категория: Учебные материалы
   Символов: 6001
   ⏳ Генерация конспекта...
💾 Сохранено: /mnt/c/Users/golys/OneDrive/Рабочий стол/Second brain/Учеба (Фин. Ун.)/Дисциплины/Структуры данных и алгоритмы/Учебные материалы/Закрытие академической разницы — Итоговый тест по дисциплине «Структуры данных.md
   ✅ Готово
   ✅ Раздел завершён

📂 Опрос после изучения дисциплины
🌐 https://netology.ru/profile/program/bhebfad-25-sda-1/lessons/567510
📄 Найдено материалов: 1
  ✅ Опрос после изучения дисциплины
   📄 1 материалов, собираем контент...
🌐 https://netology.ru/profile/program/bhebfad-25-sda-1/lessons/567510/lesson_items/3066647
⏳ Ждём загрузку ресурсов...
   🧠 Стратегия: split

============================================================
🎓 Опрос после изучения дисциплины
============================================================
   📁 Категория: Информация по дисциплине
   Символов: 6186
   ⏳ Генерация конспекта...
💾 Сохранено: /mnt/c/Users/golys/OneDrive/Рабочий стол/Second brain/Учеба (Фин. Ун.)/Дисциплины/Структуры данных и алгоритмы/Информация по дисциплине/Опрос после изучения дисциплины.md
   ✅ Готово
   ✅ Раздел завершён
📝 Файл предмета обновлён: /mnt/c/Users/golys/OneDrive/Рабочий стол/Second brain/Учеба (Фин. Ун.)/Дисциплины/Структуры данных и алгоритмы/Структуры данных и алгоритмы.md
🍪 Cookies сохранены

============================================================
🏁 Всё готово!
============================================================
🍪 Cookies сохранены
