🧹 Очистка старой структуры Second Brain...
🍪 Cookies загружены
✅ Уже авторизованы
============================================================
🔍 Сбор структуры...
============================================================
🌐 https://netology.ru/profile/program/bhebfad-25-memeo-2/schedule
📚 Найдено разделов (legacy): 42
  ✅ Рабочая программа дисциплины (id: 592809)
  ✅ Тема 1 «Мировая экономика и ее основные субъекты. Международное разделение труда как материальная основа мировой экономики» (id: 592810)
  ✅ Тема 2 «Ресурсная база мирового хозяйства» (id: 592811)
  ✅ Тема 3 «Неравномерность экономического развития стран в мировой экономике» (id: 592812)
  ✅ Тема 4 «Международные экономические отношения и их современные формы» (id: 592813)
  ✅ Тема 5 «Современный мировой рынок, его структура, конъюнктура. Ценообразование на мировых товарных рынках» (id: 592814)
  ✅ Тема 6 «Международная торговля и ее регулирование» (id: 592815)
  ✅ Тема 7 «Международное движение факторов производства» (id: 592816)
  ✅ Тема 8 «Валютные отношения в мировой экономике» (id: 592817)
  ✅ Тема 9 «Международная экономическая интеграция» (id: 592818)
  ✅ Тема 10 «Международные экономические организации и участие России в их деятельности» (id: 592819)
  ✅ Домашнее задание 1 (id: 594465)
  ✅ Домашнее задание 2 (id: 594475)
  ✅ Домашнее задание 3 (id: 595076)
  ✅ Домашнее задание 4 (id: 595077)
  ✅ Домашнее задание 5 (id: 595086)
  ✅ Домашнее задание 6 (id: 595087)
  ✅ Домашнее задание 7 (id: 595088)
  ✅ Домашнее задание 8 (id: 595089)
  ✅ Домашнее задание 9 (id: 595090)
  ✅ Домашнее задание 10 (id: 595091)
  ✅ Вебинар 17.02 (id: 595092)
  ✅ Вебинар 19.02 (id: 594458)
  ✅ Вебинар 24.02 (id: 594473)
  ✅ Вебинар 05.03 (id: 595072)
  ✅ Вебинар 10.03 (id: 595073)
  ✅ Вебинар 17.03 (id: 595074)
  ✅ Вебинар 24.03 (id: 595075)
  ✅ Вебинар 31.03 (id: 594454)
  ✅ Вебинар 07.04 (id: 595078)
  ✅ Вебинар 14.04 (id: 595079)
  ✅ Вебинар 28.04 (id: 595080)
  ✅ Вебинар 05.05 (id: 595081)
  ✅ Вебинар 12.05 (id: 595082)
  🔒 Вебинар 19.05 (id: 595083)
  🔒 Вебинар 26.05 (id: 595084)
  🔒 Вебинар 02.06 (id: 595085)
  ✅ Домашнее творческое задание — Дедлайн 26.05 (id: 592820)
  🔒 Консультация перед экзаменом (id: 592821)
  🔒 Экзаменационный тест. Дедлайн — 17.06.2026 23:59 (id: 624668)
  🔒 Экзамен (id: 616976)
  🔒 Опрос по итогам дисциплины (id: 618064)

📚 Предмет: Мировая экономика и международные экономические отношения
   Разделов: 42
   📝 Имя предмета задано вручную: Мировая экономика и международные экономические отношения
🔄 Файл предмета очищен: /mnt/c/Users/golys/OneDrive/Рабочий стол/Second brain/Учеба (Фин. Ун.)/Дисциплины/Мировая экономика и международные экономические отношения/Мировая экономика и международные экономические отношения.md

📂 Рабочая программа дисциплины
🌐 https://netology.ru/profile/program/bhebfad-25-memeo-2/lessons/592809
📄 Найдено материалов: 2
  ✅ Рабочая программа дисциплины
  ✅ Критерии оценивания по дисциплине «Мировая экономика и международные экономические отношения»
   📄 2 материалов, собираем контент...
🌐 https://netology.ru/profile/program/bhebfad-25-memeo-2/lessons/592809/lesson_items/3194624
⏳ Ждём загрузку ресурсов...
✅ PDF: 58249 символов
🌐 https://netology.ru/profile/program/bhebfad-25-memeo-2/lessons/592809/lesson_items/3194625
⏳ Ждём загрузку ресурсов...
   🧠 Стратегия: split_program

============================================================
🎓 Рабочая программа дисциплины
============================================================
   📁 Категория: Учебные материалы
   ⏭️  Уже существует, пропускаем (используй --force для перезаписи)

============================================================
🎓 Рабочая программа дисциплины — Критерии оценивания по дисциплине «Мировая экономика и международные экономические отношения»
============================================================
   📁 Категория: Информация по дисциплине
   ⏭️  Уже существует, пропускаем (используй --force для перезаписи)
   ✅ Раздел завершён

📂 Тема 1 «Мировая экономика и ее основные субъекты. Международное разделение труда как материальная основа мировой экономики»
🌐 https://netology.ru/profile/program/bhebfad-25-memeo-2/lessons/592810
📄 Найдено материалов: 3
  ✅ Тема 1 «Мировая экономика и ее основные субъекты. Международное разделение труда как материальная основа мировой экономики» (часть 1)
  ✅ Тема 1 «Мировая экономика и ее основные субъекты. Международное разделение труда как материальная основа мировой экономики» (часть 2)
  ✅ ТЕМА 1. Вопросы для самоконтроля
   📄 3 материалов, собираем контент...
🌐 https://netology.ru/profile/program/bhebfad-25-memeo-2/lessons/592810/lesson_items/3194626
⏳ Ждём загрузку ресурсов...
   🎬 Найдено видео, но текст уже достаточно длинный (5221 симв.), аудио не требуется
🌐 https://netology.ru/profile/program/bhebfad-25-memeo-2/lessons/592810/lesson_items/3194627
⏳ Ждём загрузку ресурсов...
🌐 https://netology.ru/profile/program/bhebfad-25-memeo-2/lessons/592810/lesson_items/3194628
⏳ Ждём загрузку ресурсов...
   🎬 Найдено видео, но текст уже достаточно длинный (6240 симв.), аудио не требуется
   🧠 Стратегия: merge_conspect

============================================================
🎓 Тема 1 «Мировая экономика и ее основные субъекты. Международное разделение труда как материальная основа мировой экономики»
============================================================
   📁 Категория: Конспекты
   ⏭️  Уже существует, пропускаем (используй --force для перезаписи)
   ✅ Раздел завершён

📂 Тема 2 «Ресурсная база мирового хозяйства»
🌐 https://netology.ru/profile/program/bhebfad-25-memeo-2/lessons/592811
📄 Найдено материалов: 2
  ✅ Тема 2 «Ресурсная база мирового хозяйства»
  ✅ ТЕМА 2. Вопросы для самоконтроля
   📄 2 материалов, собираем контент...
🌐 https://netology.ru/profile/program/bhebfad-25-memeo-2/lessons/592811/lesson_items/3194632
⏳ Ждём загрузку ресурсов...
   🎬 Найдено видео, но текст уже достаточно длинный (4733 симв.), аудио не требуется
🌐 https://netology.ru/profile/program/bhebfad-25-memeo-2/lessons/592811/lesson_items/3194633
⏳ Ждём загрузку ресурсов...
   🧠 Стратегия: merge_conspect

============================================================
🎓 Тема 2 «Ресурсная база мирового хозяйства»
============================================================
   📁 Категория: Конспекты
   Символов: 10865
   ⏳ Генерация конспекта...
💾 Сохранено: /mnt/c/Users/golys/OneDrive/Рабочий стол/Second brain/Учеба (Фин. Ун.)/Дисциплины/Мировая экономика и международные экономические отношения/Конспекты/Тема 2 «Ресурсная база мирового хозяйства».md
   ✅ Готово
   ✅ Раздел завершён

📂 Тема 3 «Неравномерность экономического развития стран в мировой экономике»
🌐 https://netology.ru/profile/program/bhebfad-25-memeo-2/lessons/592812
📄 Найдено материалов: 2
  ✅ Тема 3 «Неравномерность экономического развития стран в мировой экономике»
  ✅ ТЕМА 3. Вопросы для самоконтроля
   📄 2 материалов, собираем контент...
🌐 https://netology.ru/profile/program/bhebfad-25-memeo-2/lessons/592812/lesson_items/3194637
⏳ Ждём загрузку ресурсов...
   🎬 Найдено видео, но текст уже достаточно длинный (4876 симв.), аудио не требуется
🌐 https://netology.ru/profile/program/bhebfad-25-memeo-2/lessons/592812/lesson_items/3194638
⏳ Ждём загрузку ресурсов...
   🎬 Найдено видео, но текст уже достаточно длинный (6174 симв.), аудио не требуется
   🧠 Стратегия: merge_conspect

============================================================
🎓 Тема 3 «Неравномерность экономического развития стран в мировой экономике»
============================================================
   📁 Категория: Конспекты
   Символов: 11173
   ⏳ Генерация конспекта...
💾 Сохранено: /mnt/c/Users/golys/OneDrive/Рабочий стол/Second brain/Учеба (Фин. Ун.)/Дисциплины/Мировая экономика и международные экономические отношения/Конспекты/Тема 3 «Неравномерность экономического развития стран в мировой экономике».md
   ✅ Готово
   ✅ Раздел завершён

📂 Тема 4 «Международные экономические отношения и их современные формы»
🌐 https://netology.ru/profile/program/bhebfad-25-memeo-2/lessons/592813
📄 Найдено материалов: 2
  ✅ ТЕМА 4. Вопросы для самоконтроля
  ✅ Тема 4 «Международные экономические отношения и их современные формы»
   📄 2 материалов, собираем контент...
🌐 https://netology.ru/profile/program/bhebfad-25-memeo-2/lessons/592813/lesson_items/3194642
⏳ Ждём загрузку ресурсов...
🌐 https://netology.ru/profile/program/bhebfad-25-memeo-2/lessons/592813/lesson_items/3194644
⏳ Ждём загрузку ресурсов...
   🧠 Стратегия: split

============================================================
🎓 Тема 4 «Международные экономические отношения и их современные формы» — ТЕМА 4. Вопросы для самоконтроля
============================================================
   📁 Категория: Учебные материалы
   Символов: 5861
   ⏳ Генерация конспекта...
💾 Сохранено: /mnt/c/Users/golys/OneDrive/Рабочий стол/Second brain/Учеба (Фин. Ун.)/Дисциплины/Мировая экономика и международные экономические отношения/Учебные материалы/Тема 4 «Международные экономические отношения и их современные формы» — ТЕМА 4..md
   ✅ Готово

============================================================
🎓 Тема 4 «Международные экономические отношения и их современные формы»
============================================================
   📁 Категория: Учебные материалы
   Символов: 4854
   ⏳ Генерация конспекта...
💾 Сохранено: /mnt/c/Users/golys/OneDrive/Рабочий стол/Second brain/Учеба (Фин. Ун.)/Дисциплины/Мировая экономика и международные экономические отношения/Учебные материалы/Тема 4 «Международные экономические отношения и их современные формы».md
   ✅ Готово
   ✅ Раздел завершён

📂 Тема 5 «Современный мировой рынок, его структура, конъюнктура. Ценообразование на мировых товарных рынках»
🌐 https://netology.ru/profile/program/bhebfad-25-memeo-2/lessons/592814
📄 Найдено материалов: 2
  ✅ Тема 5 «Современный мировой рынок, его структура, конъюнктура. Ценообразование на мировых товарных рынках»
  ✅ ТЕМА 5. Вопросы для самоконтроля
   📄 2 материалов, собираем контент...
🌐 https://netology.ru/profile/program/bhebfad-25-memeo-2/lessons/592814/lesson_items/3194647
⏳ Ждём загрузку ресурсов...
🌐 https://netology.ru/profile/program/bhebfad-25-memeo-2/lessons/592814/lesson_items/3194648
⏳ Ждём загрузку ресурсов...
   🎬 Найдено видео, но текст уже достаточно длинный (5740 симв.), аудио не требуется
   🧠 Стратегия: merge_conspect

============================================================
🎓 Тема 5 «Современный мировой рынок, его структура, конъюнктура. Ценообразование на мировых товарных рынках»
============================================================
   📁 Категория: Конспекты
   Символов: 10897
   ⏳ Генерация конспекта...
💾 Сохранено: /mnt/c/Users/golys/OneDrive/Рабочий стол/Second brain/Учеба (Фин. Ун.)/Дисциплины/Мировая экономика и международные экономические отношения/Конспекты/Тема 5 «Современный мировой рынок, его структура, конъюнктура. Ценообразование.md
   ✅ Готово
   ✅ Раздел завершён

📂 Тема 6 «Международная торговля и ее регулирование»
🌐 https://netology.ru/profile/program/bhebfad-25-memeo-2/lessons/592815
📄 Найдено материалов: 2
  ✅ Тема 6 «Международная торговля и ее регулирование»
  ✅ ТЕМА 6. Вопросы для самоконтроля
   📄 2 материалов, собираем контент...
🌐 https://netology.ru/profile/program/bhebfad-25-memeo-2/lessons/592815/lesson_items/3194652
⏳ Ждём загрузку ресурсов...
🌐 https://netology.ru/profile/program/bhebfad-25-memeo-2/lessons/592815/lesson_items/3194653
⏳ Ждём загрузку ресурсов...
   🎬 Найдено видео, но текст уже достаточно длинный (5986 симв.), аудио не требуется
   🧠 Стратегия: merge_conspect

============================================================
🎓 Тема 6 «Международная торговля и ее регулирование»
============================================================
   📁 Категория: Конспекты
   Символов: 10865
   ⏳ Генерация конспекта...
💾 Сохранено: /mnt/c/Users/golys/OneDrive/Рабочий стол/Second brain/Учеба (Фин. Ун.)/Дисциплины/Мировая экономика и международные экономические отношения/Конспекты/Тема 6 «Международная торговля и ее регулирование».md
   ✅ Готово
   ✅ Раздел завершён

📂 Тема 7 «Международное движение факторов производства»
🌐 https://netology.ru/profile/program/bhebfad-25-memeo-2/lessons/592816
📄 Найдено материалов: 3
  ✅ Тема 7 «Международное движение факторов производства» (часть 1)
  ✅ Тема 7 «Международное движение факторов производства» (часть 2)
  ✅ ТЕМА 7. Вопросы для самоконтроля
   📄 3 материалов, собираем контент...
🌐 https://netology.ru/profile/program/bhebfad-25-memeo-2/lessons/592816/lesson_items/3194657
⏳ Ждём загрузку ресурсов...
   🎬 Найдено видео, но текст уже достаточно длинный (4839 симв.), аудио не требуется
🌐 https://netology.ru/profile/program/bhebfad-25-memeo-2/lessons/592816/lesson_items/3194658
⏳ Ждём загрузку ресурсов...
   🎬 Найдено видео, но текст уже достаточно длинный (4884 симв.), аудио не требуется
🌐 https://netology.ru/profile/program/bhebfad-25-memeo-2/lessons/592816/lesson_items/3194659
⏳ Ждём загрузку ресурсов...
   🎬 Найдено видео, но текст уже достаточно длинный (5748 симв.), аудио не требуется
   🧠 Стратегия: merge_conspect

============================================================
🎓 Тема 7 «Международное движение факторов производства»
============================================================
   📁 Категория: Конспекты
   Символов: 15658
   ⏳ Генерация конспекта...
💾 Сохранено: /mnt/c/Users/golys/OneDrive/Рабочий стол/Second brain/Учеба (Фин. Ун.)/Дисциплины/Мировая экономика и международные экономические отношения/Конспекты/Тема 7 «Международное движение факторов производства».md
   ✅ Готово
   ✅ Раздел завершён

📂 Тема 8 «Валютные отношения в мировой экономике»
🌐 https://netology.ru/profile/program/bhebfad-25-memeo-2/lessons/592817
📄 Найдено материалов: 7
  ✅ Валютные отношения в мировой экономике. Конвертируемость
  ✅ Тема 8 «Валютные отношения в мировой экономике»
  ✅ Валютные отношения в мировой экономике Часть 1
  ✅ Валютные отношения в мировой экономике Часть 2
  ✅ Эволюция мировой валютной системы Часть 3
  ✅ Валютные отношения в мировой экономике. Роль золота в МВО
  ✅ ТЕМА 8. Вопросы для самоконтроля
   📄 7 материалов, собираем контент...
🌐 https://netology.ru/profile/program/bhebfad-25-memeo-2/lessons/592817/lesson_items/3194662
⏳ Ждём загрузку ресурсов...
   🎬 Найдено видео, но текст уже достаточно длинный (4990 симв.), аудио не требуется
🌐 https://netology.ru/profile/program/bhebfad-25-memeo-2/lessons/592817/lesson_items/3194663
⏳ Ждём загрузку ресурсов...
   🎬 Найдено видео, но текст уже достаточно длинный (5017 симв.), аудио не требуется
🌐 https://netology.ru/profile/program/bhebfad-25-memeo-2/lessons/592817/lesson_items/3194664
⏳ Ждём загрузку ресурсов...
   🎬 Найдено видео, но текст уже достаточно длинный (5000 симв.), аудио не требуется
🌐 https://netology.ru/profile/program/bhebfad-25-memeo-2/lessons/592817/lesson_items/3194665
⏳ Ждём загрузку ресурсов...
   🎬 Найдено видео, но текст уже достаточно длинный (5015 симв.), аудио не требуется
🌐 https://netology.ru/profile/program/bhebfad-25-memeo-2/lessons/592817/lesson_items/3194666
⏳ Ждём загрузку ресурсов...
   🎬 Найдено видео, но текст уже достаточно длинный (4960 симв.), аудио не требуется
🌐 https://netology.ru/profile/program/bhebfad-25-memeo-2/lessons/592817/lesson_items/3194667
⏳ Ждём загрузку ресурсов...
   🎬 Найдено видео, но текст уже достаточно длинный (5037 симв.), аудио не требуется
🌐 https://netology.ru/profile/program/bhebfad-25-memeo-2/lessons/592817/lesson_items/3194668
⏳ Ждём загрузку ресурсов...
   🎬 Найдено видео, но текст уже достаточно длинный (5682 симв.), аудио не требуется
   🧠 Стратегия: merge_conspect

============================================================
🎓 Тема 8 «Валютные отношения в мировой экономике»
============================================================
   📁 Категория: Конспекты
   ⏭️  Уже существует, пропускаем (используй --force для перезаписи)
   ✅ Раздел завершён

📂 Тема 9 «Международная экономическая интеграция»
🌐 https://netology.ru/profile/program/bhebfad-25-memeo-2/lessons/592818
📄 Найдено материалов: 2
  ✅ Международная экономическая интеграция
  ✅ ТЕМА 9. Вопросы для самоконтроля
   📄 2 материалов, собираем контент...
🌐 https://netology.ru/profile/program/bhebfad-25-memeo-2/lessons/592818/lesson_items/3194671
⏳ Ждём загрузку ресурсов...
   🎬 Найдено видео, но текст уже достаточно длинный (4724 симв.), аудио не требуется
🌐 https://netology.ru/profile/program/bhebfad-25-memeo-2/lessons/592818/lesson_items/3194672
⏳ Ждём загрузку ресурсов...
   🧠 Стратегия: merge_conspect

============================================================
🎓 Тема 9 «Международная экономическая интеграция»
============================================================
   📁 Категория: Конспекты
   Символов: 10331
   ⏳ Генерация конспекта...
💾 Сохранено: /mnt/c/Users/golys/OneDrive/Рабочий стол/Second brain/Учеба (Фин. Ун.)/Дисциплины/Мировая экономика и международные экономические отношения/Конспекты/Тема 9 «Международная экономическая интеграция».md
   ✅ Готово
   ✅ Раздел завершён

📂 Тема 10 «Международные экономические организации и участие России в их деятельности»
🌐 https://netology.ru/profile/program/bhebfad-25-memeo-2/lessons/592819
📄 Найдено материалов: 4
  ✅ Международный валютный фонд
  ✅ Международные региональные банки развития
  ✅ Международные экономические организации и участие России в их деятельности
  ✅ Тема 10. Вопросы для самоконтроля
   📄 4 материалов, собираем контент...
🌐 https://netology.ru/profile/program/bhebfad-25-memeo-2/lessons/592819/lesson_items/3194676
⏳ Ждём загрузку ресурсов...
   🎬 Найдено видео, но текст уже достаточно длинный (4861 симв.), аудио не требуется
🌐 https://netology.ru/profile/program/bhebfad-25-memeo-2/lessons/592819/lesson_items/3194677
⏳ Ждём загрузку ресурсов...
   🎬 Найдено видео, но текст уже достаточно длинный (4889 симв.), аудио не требуется
🌐 https://netology.ru/profile/program/bhebfad-25-memeo-2/lessons/592819/lesson_items/3194678
⏳ Ждём загрузку ресурсов...
   🎬 Найдено видео, но текст уже достаточно длинный (4955 симв.), аудио не требуется
🌐 https://netology.ru/profile/program/bhebfad-25-memeo-2/lessons/592819/lesson_items/3194679
⏳ Ждём загрузку ресурсов...
   🎬 Найдено видео, но текст уже достаточно длинный (5642 симв.), аудио не требуется
   🧠 Стратегия: merge_conspect

============================================================
🎓 Тема 10 «Международные экономические организации и участие России в их деятельности»
============================================================
   📁 Категория: Конспекты
   Символов: 20563
   ⏳ Генерация конспекта...
💾 Сохранено: /mnt/c/Users/golys/OneDrive/Рабочий стол/Second brain/Учеба (Фин. Ун.)/Дисциплины/Мировая экономика и международные экономические отношения/Конспекты/Тема 10 «Международные экономические организации и участие России в их.md
   ✅ Готово
   ✅ Раздел завершён

📂 Домашнее задание 1
🌐 https://netology.ru/profile/program/bhebfad-25-memeo-2/lessons/594465
📄 Найдено материалов: 1
  ✅ Домашнее задание по Теме 1 - до 17.03
   📄 1 материалов, собираем контент...
🌐 https://netology.ru/profile/program/bhebfad-25-memeo-2/lessons/594465/lesson_items/3203848
⏳ Ждём загрузку ресурсов...
   🧠 Стратегия: skip
   ⏭️  Пропускаем (домашнее задание / контрольная / эссе)
   ✅ Раздел завершён

📂 Домашнее задание 2
🌐 https://netology.ru/profile/program/bhebfad-25-memeo-2/lessons/594475
📄 Найдено материалов: 1
  ✅ Задание 2
   📄 1 материалов, собираем контент...
🌐 https://netology.ru/profile/program/bhebfad-25-memeo-2/lessons/594475/lesson_items/3206951
⏳ Ждём загрузку ресурсов...
   🧠 Стратегия: skip
   ⏭️  Пропускаем (домашнее задание / контрольная / эссе)
   ✅ Раздел завершён

📂 Домашнее задание 3
🌐 https://netology.ru/profile/program/bhebfad-25-memeo-2/lessons/595076
📄 Найдено материалов: 1
  ✅ Задание 3
   📄 1 материалов, собираем контент...
🌐 https://netology.ru/profile/program/bhebfad-25-memeo-2/lessons/595076/lesson_items/3206956
⏳ Ждём загрузку ресурсов...
   🧠 Стратегия: skip
   ⏭️  Пропускаем (домашнее задание / контрольная / эссе)
   ✅ Раздел завершён

📂 Домашнее задание 4
🌐 https://netology.ru/profile/program/bhebfad-25-memeo-2/lessons/595077
📄 Найдено материалов: 1
  ✅ Задание 4
   📄 1 материалов, собираем контент...
🌐 https://netology.ru/profile/program/bhebfad-25-memeo-2/lessons/595077/lesson_items/3206957
⏳ Ждём загрузку ресурсов...
   🧠 Стратегия: skip
   ⏭️  Пропускаем (домашнее задание / контрольная / эссе)
   ✅ Раздел завершён

📂 Домашнее задание 5
🌐 https://netology.ru/profile/program/bhebfad-25-memeo-2/lessons/595086
📄 Найдено материалов: 1
  ✅ Задание 5
   📄 1 материалов, собираем контент...
🌐 https://netology.ru/profile/program/bhebfad-25-memeo-2/lessons/595086/lesson_items/3206958
⏳ Ждём загрузку ресурсов...
   🧠 Стратегия: skip
   ⏭️  Пропускаем (домашнее задание / контрольная / эссе)
   ✅ Раздел завершён

📂 Домашнее задание 6
🌐 https://netology.ru/profile/program/bhebfad-25-memeo-2/lessons/595087
📄 Найдено материалов: 1
  ✅ Задание 6
   📄 1 материалов, собираем контент...
🌐 https://netology.ru/profile/program/bhebfad-25-memeo-2/lessons/595087/lesson_items/3206960
⏳ Ждём загрузку ресурсов...
   🧠 Стратегия: skip
   ⏭️  Пропускаем (домашнее задание / контрольная / эссе)
   ✅ Раздел завершён

📂 Домашнее задание 7
🌐 https://netology.ru/profile/program/bhebfad-25-memeo-2/lessons/595088
📄 Найдено материалов: 1
  ✅ Задание 7
   📄 1 материалов, собираем контент...
🌐 https://netology.ru/profile/program/bhebfad-25-memeo-2/lessons/595088/lesson_items/3206961
⏳ Ждём загрузку ресурсов...
   🧠 Стратегия: skip
   ⏭️  Пропускаем (домашнее задание / контрольная / эссе)
   ✅ Раздел завершён

📂 Домашнее задание 8
🌐 https://netology.ru/profile/program/bhebfad-25-memeo-2/lessons/595089
📄 Найдено материалов: 1
  ✅ Задание 8
   📄 1 материалов, собираем контент...
🌐 https://netology.ru/profile/program/bhebfad-25-memeo-2/lessons/595089/lesson_items/3206962
⏳ Ждём загрузку ресурсов...
   🧠 Стратегия: skip
   ⏭️  Пропускаем (домашнее задание / контрольная / эссе)
   ✅ Раздел завершён

📂 Домашнее задание 9
🌐 https://netology.ru/profile/program/bhebfad-25-memeo-2/lessons/595090
📄 Найдено материалов: 1
  ✅ Задание 9
   📄 1 материалов, собираем контент...
🌐 https://netology.ru/profile/program/bhebfad-25-memeo-2/lessons/595090/lesson_items/3206963
⏳ Ждём загрузку ресурсов...
   🧠 Стратегия: skip
   ⏭️  Пропускаем (домашнее задание / контрольная / эссе)
   ✅ Раздел завершён

📂 Домашнее задание 10
🌐 https://netology.ru/profile/program/bhebfad-25-memeo-2/lessons/595091
📄 Найдено материалов: 1
  ✅ Задание 10
   📄 1 материалов, собираем контент...
🌐 https://netology.ru/profile/program/bhebfad-25-memeo-2/lessons/595091/lesson_items/3206964
⏳ Ждём загрузку ресурсов...
   🧠 Стратегия: skip
   ⏭️  Пропускаем (домашнее задание / контрольная / эссе)
   ✅ Раздел завершён

📂 Вебинар 17.02
🌐 https://netology.ru/profile/program/bhebfad-25-memeo-2/lessons/595092
📄 Найдено материалов: 1
  ✅ Мировая экономика и международные экономические отношения
   📄 1 материалов, собираем контент...
🌐 https://netology.ru/profile/program/bhebfad-25-memeo-2/lessons/595092/lesson_items/3206959
⏳ Ждём загрузку ресурсов...
✅ VTT: 58493 символов
   🎬 Найдено видео, но текст уже достаточно длинный (58493 симв.), аудио не требуется
   🧠 Стратегия: merge_conspect

============================================================
🎓 Вебинар 17.02
============================================================
   📁 Категория: Конспекты
   Символов: 58555
   ⏳ Генерация конспекта...
💾 Сохранено: /mnt/c/Users/golys/OneDrive/Рабочий стол/Second brain/Учеба (Фин. Ун.)/Дисциплины/Мировая экономика и международные экономические отношения/Конспекты/Вебинар 17.02.md
   ✅ Готово
   ✅ Раздел завершён

📂 Вебинар 19.02
🌐 https://netology.ru/profile/program/bhebfad-25-memeo-2/lessons/594458
📄 Найдено материалов: 1
  ✅ Мировая экономика и международные экономические отношения
   📄 1 материалов, собираем контент...
🌐 https://netology.ru/profile/program/bhebfad-25-memeo-2/lessons/594458/lesson_items/3203805
⏳ Ждём загрузку ресурсов...
   🎬 Найдено видео, но текст уже достаточно длинный (4813 симв.), аудио не требуется
   🧠 Стратегия: merge_conspect

============================================================
🎓 Вебинар 19.02
============================================================
   📁 Категория: Конспекты
   Символов: 4875
   ⏳ Генерация конспекта...
💾 Сохранено: /mnt/c/Users/golys/OneDrive/Рабочий стол/Second brain/Учеба (Фин. Ун.)/Дисциплины/Мировая экономика и международные экономические отношения/Конспекты/Вебинар 19.02.md
   ✅ Готово
   ✅ Раздел завершён

📂 Вебинар 24.02
🌐 https://netology.ru/profile/program/bhebfad-25-memeo-2/lessons/594473
📄 Найдено материалов: 1
  ✅ Мировая экономика и международные экономические отношения
   📄 1 материалов, собираем контент...
🌐 https://netology.ru/profile/program/bhebfad-25-memeo-2/lessons/594473/lesson_items/3206949
⏳ Ждём загрузку ресурсов...
✅ VTT: 56595 символов
   🎬 Найдено видео, но текст уже достаточно длинный (56595 симв.), аудио не требуется
   🧠 Стратегия: merge_conspect

============================================================
🎓 Вебинар 24.02
============================================================
   📁 Категория: Конспекты
   Символов: 56657
   ⏳ Генерация конспекта...
💾 Сохранено: /mnt/c/Users/golys/OneDrive/Рабочий стол/Second brain/Учеба (Фин. Ун.)/Дисциплины/Мировая экономика и международные экономические отношения/Конспекты/Вебинар 24.02.md
   ✅ Готово
   ✅ Раздел завершён

📂 Вебинар 05.03
🌐 https://netology.ru/profile/program/bhebfad-25-memeo-2/lessons/595072
📄 Найдено материалов: 1
  ✅ Мировая экономика и международные экономические отношения
   📄 1 материалов, собираем контент...
🌐 https://netology.ru/profile/program/bhebfad-25-memeo-2/lessons/595072/lesson_items/3206952
⏳ Ждём загрузку ресурсов...
   🎬 Найдено видео, но текст уже достаточно длинный (1157 симв.), аудио не требуется
   🧠 Стратегия: merge_conspect

============================================================
🎓 Вебинар 05.03
============================================================
   📁 Категория: Конспекты
   ⏭️  Уже существует, пропускаем (используй --force для перезаписи)
   ✅ Раздел завершён

📂 Вебинар 10.03
🌐 https://netology.ru/profile/program/bhebfad-25-memeo-2/lessons/595073
📄 Найдено материалов: 1
  ✅ Мировая экономика и международные экономические отношения
   📄 1 материалов, собираем контент...
🌐 https://netology.ru/profile/program/bhebfad-25-memeo-2/lessons/595073/lesson_items/3206953
⏳ Ждём загрузку ресурсов...
   🎬 Найдено видео, но текст уже достаточно длинный (4794 симв.), аудио не требуется
   🧠 Стратегия: merge_conspect

============================================================
🎓 Вебинар 10.03
============================================================
   📁 Категория: Конспекты
   Символов: 4856
   ⏳ Генерация конспекта...
💾 Сохранено: /mnt/c/Users/golys/OneDrive/Рабочий стол/Second brain/Учеба (Фин. Ун.)/Дисциплины/Мировая экономика и международные экономические отношения/Конспекты/Вебинар 10.03.md
   ✅ Готово
   ✅ Раздел завершён

📂 Вебинар 17.03
🌐 https://netology.ru/profile/program/bhebfad-25-memeo-2/lessons/595074
📄 Найдено материалов: 1
  ✅ Мировая экономика и международные экономические отношения
   📄 1 материалов, собираем контент...
🌐 https://netology.ru/profile/program/bhebfad-25-memeo-2/lessons/595074/lesson_items/3206954
⏳ Ждём загрузку ресурсов...
   🎬 Найдено видео, но текст уже достаточно длинный (4794 симв.), аудио не требуется
   🧠 Стратегия: merge_conspect

============================================================
🎓 Вебинар 17.03
============================================================
   📁 Категория: Конспекты
   Символов: 4856
   ⏳ Генерация конспекта...
💾 Сохранено: /mnt/c/Users/golys/OneDrive/Рабочий стол/Second brain/Учеба (Фин. Ун.)/Дисциплины/Мировая экономика и международные экономические отношения/Конспекты/Вебинар 17.03.md
   ✅ Готово
   ✅ Раздел завершён

📂 Вебинар 24.03
🌐 https://netology.ru/profile/program/bhebfad-25-memeo-2/lessons/595075
📄 Найдено материалов: 1
  ✅ Мировая экономика и международные экономические отношения
   📄 1 материалов, собираем контент...
🌐 https://netology.ru/profile/program/bhebfad-25-memeo-2/lessons/595075/lesson_items/3206955
⏳ Ждём загрузку ресурсов...
   🎬 Найдено видео, но текст уже достаточно длинный (4809 симв.), аудио не требуется
   🧠 Стратегия: merge_conspect

============================================================
🎓 Вебинар 24.03
============================================================
   📁 Категория: Конспекты
   ⏭️  Уже существует, пропускаем (используй --force для перезаписи)
   ✅ Раздел завершён

📂 Вебинар 31.03
🌐 https://netology.ru/profile/program/bhebfad-25-memeo-2/lessons/594454
📄 Найдено материалов: 1
  ✅ Мировая экономика и международные экономические отношения
   📄 1 материалов, собираем контент...
🌐 https://netology.ru/profile/program/bhebfad-25-memeo-2/lessons/594454/lesson_items/3206965
⏳ Ждём загрузку ресурсов...
   🎬 Найдено видео, но текст уже достаточно длинный (4794 симв.), аудио не требуется
   🧠 Стратегия: merge_conspect

============================================================
🎓 Вебинар 31.03
============================================================
   📁 Категория: Конспекты
   Символов: 4856
   ⏳ Генерация конспекта...
💾 Сохранено: /mnt/c/Users/golys/OneDrive/Рабочий стол/Second brain/Учеба (Фин. Ун.)/Дисциплины/Мировая экономика и международные экономические отношения/Конспекты/Вебинар 31.03.md
   ✅ Готово
   ✅ Раздел завершён

📂 Вебинар 07.04
🌐 https://netology.ru/profile/program/bhebfad-25-memeo-2/lessons/595078
📄 Найдено материалов: 1
  ✅ Мировая экономика и международные экономические отношения
   📄 1 материалов, собираем контент...
🌐 https://netology.ru/profile/program/bhebfad-25-memeo-2/lessons/595078/lesson_items/3206966
⏳ Ждём загрузку ресурсов...
✅ VTT: 59392 символов
   🎬 Найдено видео, но текст уже достаточно длинный (59392 симв.), аудио не требуется
   🧠 Стратегия: merge_conspect

============================================================
🎓 Вебинар 07.04
============================================================
   📁 Категория: Конспекты
   Символов: 59454
   ⏳ Генерация конспекта...
💾 Сохранено: /mnt/c/Users/golys/OneDrive/Рабочий стол/Second brain/Учеба (Фин. Ун.)/Дисциплины/Мировая экономика и международные экономические отношения/Конспекты/Вебинар 07.04.md
   ✅ Готово
   ✅ Раздел завершён

📂 Вебинар 14.04
🌐 https://netology.ru/profile/program/bhebfad-25-memeo-2/lessons/595079
📄 Найдено материалов: 1
  ✅ Мировая экономика и международные экономические отношения
   📄 1 материалов, собираем контент...
🌐 https://netology.ru/profile/program/bhebfad-25-memeo-2/lessons/595079/lesson_items/3206967
⏳ Ждём загрузку ресурсов...
✅ VTT: 61877 символов
   🎬 Найдено видео, но текст уже достаточно длинный (61877 симв.), аудио не требуется
   🧠 Стратегия: merge_conspect

============================================================
🎓 Вебинар 14.04
============================================================
   📁 Категория: Конспекты
   Символов: 61939
   ⏳ Генерация конспекта...
💾 Сохранено: /mnt/c/Users/golys/OneDrive/Рабочий стол/Second brain/Учеба (Фин. Ун.)/Дисциплины/Мировая экономика и международные экономические отношения/Конспекты/Вебинар 14.04.md
   ✅ Готово
   ✅ Раздел завершён

📂 Вебинар 28.04
🌐 https://netology.ru/profile/program/bhebfad-25-memeo-2/lessons/595080
📄 Найдено материалов: 1
  ✅ Мировая экономика и международные экономические отношения
   📄 1 материалов, собираем контент...
🌐 https://netology.ru/profile/program/bhebfad-25-memeo-2/lessons/595080/lesson_items/3206968
⏳ Ждём загрузку ресурсов...
   🧠 Стратегия: merge_conspect

============================================================
🎓 Вебинар 28.04
============================================================
   📁 Категория: Конспекты
   Символов: 479
   ⏳ Генерация конспекта...
💾 Сохранено: /mnt/c/Users/golys/OneDrive/Рабочий стол/Second brain/Учеба (Фин. Ун.)/Дисциплины/Мировая экономика и международные экономические отношения/Конспекты/Вебинар 28.04.md
   ✅ Готово
   ✅ Раздел завершён

📂 Вебинар 05.05
🌐 https://netology.ru/profile/program/bhebfad-25-memeo-2/lessons/595081
📄 Найдено материалов: 1
  ✅ Мировая экономика и международные экономические отношения
   📄 1 материалов, собираем контент...
🌐 https://netology.ru/profile/program/bhebfad-25-memeo-2/lessons/595081/lesson_items/3206969
⏳ Ждём загрузку ресурсов...
   🎬 Найдено видео, но текст уже достаточно длинный (4817 симв.), аудио не требуется
   🧠 Стратегия: merge_conspect

============================================================
🎓 Вебинар 05.05
============================================================
   📁 Категория: Конспекты
   Символов: 4879
   ⏳ Генерация конспекта...
💾 Сохранено: /mnt/c/Users/golys/OneDrive/Рабочий стол/Second brain/Учеба (Фин. Ун.)/Дисциплины/Мировая экономика и международные экономические отношения/Конспекты/Вебинар 05.05.md
   ✅ Готово
   ✅ Раздел завершён

📂 Вебинар 12.05
🌐 https://netology.ru/profile/program/bhebfad-25-memeo-2/lessons/595082
📄 Найдено материалов: 1
  ✅ Мировая экономика и международные экономические отношения
   📄 1 материалов, собираем контент...
🌐 https://netology.ru/profile/program/bhebfad-25-memeo-2/lessons/595082/lesson_items/3206971
⏳ Ждём загрузку ресурсов...
   🎬 Найдено видео, но текст уже достаточно длинный (1184 симв.), аудио не требуется
   🧠 Стратегия: merge_conspect

============================================================
🎓 Вебинар 12.05
============================================================
   📁 Категория: Конспекты
   ⏭️  Уже существует, пропускаем (используй --force для перезаписи)
   ✅ Раздел завершён

   🔒 Вебинар 19.05 — заблокировано, пропускаем

   🔒 Вебинар 26.05 — заблокировано, пропускаем

   🔒 Вебинар 02.06 — заблокировано, пропускаем

📂 Домашнее творческое задание — Дедлайн 26.05
🌐 https://netology.ru/profile/program/bhebfad-25-memeo-2/lessons/592820
📄 Найдено материалов: 1
  ✅ Домашнее творческое задание
   📄 1 материалов, собираем контент...
🌐 https://netology.ru/profile/program/bhebfad-25-memeo-2/lessons/592820/lesson_items/3194682
⏳ Ждём загрузку ресурсов...
   🧠 Стратегия: skip
   ⏭️  Пропускаем (домашнее задание / контрольная / эссе)
   ✅ Раздел завершён

   🔒 Консультация перед экзаменом — заблокировано, пропускаем

   🔒 Экзаменационный тест. Дедлайн — 17.06.2026 23:59 — заблокировано, пропускаем

   🔒 Экзамен — заблокировано, пропускаем

   🔒 Опрос по итогам дисциплины — заблокировано, пропускаем
📝 Файл предмета обновлён: /mnt/c/Users/golys/OneDrive/Рабочий стол/Second brain/Учеба (Фин. Ун.)/Дисциплины/Мировая экономика и международные экономические отношения/Мировая экономика и международные экономические отношения.md
🍪 Cookies сохранены

============================================================
🏁 Всё готово!
============================================================
🍪 Cookies сохранены
