🍪 Cookies загружены
✅ Уже авторизованы
============================================================
🔍 Сбор структуры...
============================================================
🌐 https://netology.ru/profile/program/bhebfad-25-bzhd-2/schedule
📚 Найдено разделов: 9
  ✅ Информация о дисциплине (id: 588979)
  ✅ Учебные материалы (id: 588980)
  ✅ Презентации (id: 588981)
  ✅ Вебинар 05.02 (id: 586463)
  ✅ Вебинар 19.02 (id: 589815)
  ✅ Вебинар 27.02 (id: 595270)
  ✅ Информация для получения зачета по дисциплине (id: 623641)
  🔒 Зачёт (id: 616922)
  🔒 Опрос по итогам дисциплины (id: 617973)

📚 Предмет: Безопасность жизнедеятельности
   Разделов: 9

📂 Информация о дисциплине
🌐 https://netology.ru/profile/program/bhebfad-25-bzhd-2/lessons/588979
📄 Найдено материалов: 4
  ✅ Информация о преподавателе
  ✅ Критерии оценивания
  ✅ Рабочая программа дисциплины
  ✅ Методические указания для обучающихся
🌐 https://netology.ru/profile/program/bhebfad-25-bzhd-2/lessons/588979/lesson_items/3173402
⏳ Ждём загрузку ресурсов...

============================================================
🎓 Информация о дисциплине — Информация о преподавателе
============================================================
   Символов: 1732
   ⏳ Генерация конспекта...
   🔍 Терминов: 3
   📝 Термин: **Заслуженный Деятель Науки Рф**
   📝 Термин: **Доктор Технических Наук**
   📝 Термин: **Генерал Майор Запаса**
   💾 Конспект: /mnt/c/Users/golys/OneDrive/Рабочий стол/Second brain/Учеба (Фин. Ун.)/Конспекты/Безопасность жизнедеятельности/Информация о дисциплине — Информация о преподавателе.md
   🔗 Ссылка добавлена
   ✅ Готово
🌐 https://netology.ru/profile/program/bhebfad-25-bzhd-2/lessons/588979/lesson_items/3173403
⏳ Ждём загрузку ресурсов...

============================================================
🎓 Информация о дисциплине — Критерии оценивания
============================================================
   Символов: 2314
   ⏳ Генерация конспекта...
   🔍 Терминов: 3
   📝 Термин: **Безопасность Жизнедеятельности**
   📝 Термин: **Интеллект Карта**
   📝 Термин: **Критерии Оценивания**
   💾 Конспект: /mnt/c/Users/golys/OneDrive/Рабочий стол/Second brain/Учеба (Фин. Ун.)/Конспекты/Безопасность жизнедеятельности/Информация о дисциплине — Критерии оценивания.md
   🔗 Ссылка добавлена
   ✅ Готово
🌐 https://netology.ru/profile/program/bhebfad-25-bzhd-2/lessons/588979/lesson_items/3173404
⏳ Ждём загрузку ресурсов...

============================================================
🎓 Информация о дисциплине — Рабочая программа дисциплины
============================================================
   Символов: 1596
   ⏳ Генерация конспекта...
   🔍 Терминов: 4
   📝 Термин: **Рабочая Программа Дисциплины**
   📝 Термин: **Компетенция**
   📝 Термин: **Трудоёмкость Дисциплины**
   📝 Термин: **Промежуточная Аттестация**
   💾 Конспект: /mnt/c/Users/golys/OneDrive/Рабочий стол/Second brain/Учеба (Фин. Ун.)/Конспекты/Безопасность жизнедеятельности/Информация о дисциплине — Рабочая программа дисциплины.md
   🔗 Ссылка добавлена
   ✅ Готово
🌐 https://netology.ru/profile/program/bhebfad-25-bzhd-2/lessons/588979/lesson_items/3173405
⏳ Ждём загрузку ресурсов...

============================================================
🎓 Информация о дисциплине — Методические указания для обучающихся
============================================================
   Символов: 1622
   ⏳ Генерация конспекта...
   🔍 Терминов: 3
   📝 Термин: **Методические Указания Для Обучающихся**
   📝 Термин: **Критерии Оценивания**
   📝 Термин: **Культура Безопасности**
   💾 Конспект: /mnt/c/Users/golys/OneDrive/Рабочий стол/Second brain/Учеба (Фин. Ун.)/Конспекты/Безопасность жизнедеятельности/Информация о дисциплине — Методические указания для обучающихся.md
   🔗 Ссылка добавлена
   ✅ Готово
   ✅ Раздел завершён

📂 Учебные материалы
🌐 https://netology.ru/profile/program/bhebfad-25-bzhd-2/lessons/588980
📄 Найдено материалов: 8
  ✅ Учебник БЖД ч1
  ✅ Учебник БЖД ч2
  ✅ Учебное пособие по построению интеллект-карт
  ✅ Сервисы для построения интеллект-карт
  ✅ Примеры построения интеллект-карт
  ✅ Учебник по системе управления охраной труда
  ✅ Пособие по оказанию первой помощи
  ✅ СНиП "Защитные сооружения гражданской обороны"
🌐 https://netology.ru/profile/program/bhebfad-25-bzhd-2/lessons/588980/lesson_items/3173406
⏳ Ждём загрузку ресурсов...
✅ PDF: 1233781 символов
   ⚠️ Файл слишком большой (1233781 символов). Создаём заглушку.

============================================================
🎓 Учебные материалы — Учебник БЖД ч1
============================================================
   Символов: 247
   ⚠️ Слишком мало текста (247 симв.), пропускаем
🌐 https://netology.ru/profile/program/bhebfad-25-bzhd-2/lessons/588980/lesson_items/3173407
⏳ Ждём загрузку ресурсов...
✅ PDF: 301824 символов
   ⚠️ Файл слишком большой (301824 символов). Создаём заглушку.

============================================================
🎓 Учебные материалы — Учебник БЖД ч2
============================================================
   Символов: 246
   ⚠️ Слишком мало текста (246 симв.), пропускаем
🌐 https://netology.ru/profile/program/bhebfad-25-bzhd-2/lessons/588980/lesson_items/3173408
⏳ Ждём загрузку ресурсов...
✅ PDF: 51802 символов

============================================================
🎓 Учебные материалы — Учебное пособие по построению интеллект-карт
============================================================
   Символов: 51802
   ⏳ Генерация конспекта...
   📦 Текст разбит на 2 частей
   ⏳ Часть 1/2...
   ⏳ Часть 2/2...
   🔍 Терминов: 7
   📝 Термин: **Интеллект Карта**
   📝 Термин: **Радиантное Мышление**
   📝 Термин: **Эффект Ресторфф**
   📝 Термин: **Ветви Первого, Второго, N Го Порядка**
   📝 Термин: **Универсальные Учебные Действия**
   💾 Конспект: /mnt/c/Users/golys/OneDrive/Рабочий стол/Second brain/Учеба (Фин. Ун.)/Конспекты/Безопасность жизнедеятельности/Учебные материалы — Учебное пособие по построению интеллект-карт.md
   🔗 Ссылка добавлена
   ✅ Готово
🌐 https://netology.ru/profile/program/bhebfad-25-bzhd-2/lessons/588980/lesson_items/3173409
⏳ Ждём загрузку ресурсов...

============================================================
🎓 Учебные материалы — Сервисы для построения интеллект-карт
============================================================
   Символов: 1803
   ⏳ Генерация конспекта...
   💾 Конспект: /mnt/c/Users/golys/OneDrive/Рабочий стол/Second brain/Учеба (Фин. Ун.)/Конспекты/Безопасность жизнедеятельности/Учебные материалы — Сервисы для построения интеллект-карт.md
   🔗 Ссылка добавлена
   ✅ Готово
🌐 https://netology.ru/profile/program/bhebfad-25-bzhd-2/lessons/588980/lesson_items/3173410
⏳ Ждём загрузку ресурсов...
✅ PDF: 1435 символов

============================================================
🎓 Учебные материалы — Примеры построения интеллект-карт
============================================================
   Символов: 1435
   ⏳ Генерация конспекта...
   🔍 Терминов: 3
   📝 Термин: **Интеллект Карта**
   📝 Термин: **Тони Бьюзен**
   📝 Термин: **Визуализация Мыслительной Деятельности**
   💾 Конспект: /mnt/c/Users/golys/OneDrive/Рабочий стол/Second brain/Учеба (Фин. Ун.)/Конспекты/Безопасность жизнедеятельности/Учебные материалы — Примеры построения интеллект-карт.md
   🔗 Ссылка добавлена
   ✅ Готово
🌐 https://netology.ru/profile/program/bhebfad-25-bzhd-2/lessons/588980/lesson_items/3173411
⏳ Ждём загрузку ресурсов...
✅ PDF: 241188 символов
   ⚠️ Файл слишком большой (241188 символов). Создаём заглушку.

============================================================
🎓 Учебные материалы — Учебник по системе управления охраной труда
============================================================
   Символов: 246
   ⚠️ Слишком мало текста (246 симв.), пропускаем
🌐 https://netology.ru/profile/program/bhebfad-25-bzhd-2/lessons/588980/lesson_items/3173412
⏳ Ждём загрузку ресурсов...
✅ PDF: 5202 символов

============================================================
🎓 Учебные материалы — Пособие по оказанию первой помощи
============================================================
   Символов: 5202
   ⏳ Генерация конспекта...
   🔍 Терминов: 5
   📝 Термин: **Первая Помощь**
   📝 Термин: **Артериальное Кровотечение**
   📝 Термин: **Шок**
   📝 Термин: **Давящая Повязка**
   📝 Термин: **Сердечно Лёгочная Реанимация**
   💾 Конспект: /mnt/c/Users/golys/OneDrive/Рабочий стол/Second brain/Учеба (Фин. Ун.)/Конспекты/Безопасность жизнедеятельности/Учебные материалы — Пособие по оказанию первой помощи.md
   🔗 Ссылка добавлена
   ✅ Готово
