🍪 Cookies загружены
✅ Уже авторизованы
============================================================
🔍 Программа: bhebfad-25-memeo-2
============================================================
🌐 https://netology.ru/profile/program/bhebfad-25-memeo-2/schedule
📚 Найдено разделов (legacy): 42
  ✅ Рабочая программа дисциплины (id: 592809)
  ✅ Тема 1 «Мировая экономика и ее основные субъекты. Международное разделение труда как материальная основа мировой экономики» (id: 592810)
  ✅ Тема 2 «Ресурсная база мирового хозяйства» (id: 592811)
  ✅ Тема 3 «Неравномерность экономического развития стран в мировой экономике» (id: 592812)
  ✅ Тема 4 «Международные экономические отношения и их современные формы» (id: 592813)
  ✅ Тема 5 «Современный мировой рынок, его структура, конъюнктура. Ценообразование на мировых товарных рынках» (id: 592814)
  ✅ Тема 6 «Международная торговля и ее регулирование» (id: 592815)
  ✅ Тема 7 «Международное движение факторов производства» (id: 592816)
  ✅ Тема 8 «Валютные отношения в мировой экономике» (id: 592817)
  ✅ Тема 9 «Международная экономическая интеграция» (id: 592818)
  ✅ Тема 10 «Международные экономические организации и участие России в их деятельности» (id: 592819)
  ✅ Домашнее задание 1 (id: 594465)
  ✅ Домашнее задание 2 (id: 594475)
  ✅ Домашнее задание 3 (id: 595076)
  ✅ Домашнее задание 4 (id: 595077)
  ✅ Домашнее задание 5 (id: 595086)
  ✅ Домашнее задание 6 (id: 595087)
  ✅ Домашнее задание 7 (id: 595088)
  ✅ Домашнее задание 8 (id: 595089)
  ✅ Домашнее задание 9 (id: 595090)
  ✅ Домашнее задание 10 (id: 595091)
  ✅ Вебинар 17.02 (id: 595092)
  ✅ Вебинар 19.02 (id: 594458)
  ✅ Вебинар 24.02 (id: 594473)
  ✅ Вебинар 05.03 (id: 595072)
  ✅ Вебинар 10.03 (id: 595073)
  ✅ Вебинар 17.03 (id: 595074)
  ✅ Вебинар 24.03 (id: 595075)
  ✅ Вебинар 31.03 (id: 594454)
  ✅ Вебинар 07.04 (id: 595078)
  ✅ Вебинар 14.04 (id: 595079)
  ✅ Вебинар 28.04 (id: 595080)
  ✅ Вебинар 05.05 (id: 595081)
  ✅ Вебинар 12.05 (id: 595082)
  🔒 Вебинар 19.05 (id: 595083)
  🔒 Вебинар 26.05 (id: 595084)
  🔒 Вебинар 02.06 (id: 595085)
  ✅ Домашнее творческое задание — Дедлайн 26.05 (id: 592820)
  🔒 Консультация перед экзаменом (id: 592821)
  🔒 Экзаменационный тест. Дедлайн — 17.06.2026 23:59 (id: 624668)
  🔒 Экзамен (id: 616976)
  🔒 Опрос по итогам дисциплины (id: 618064)
📚 Всего разделов: 42
🌐 https://netology.ru/profile/program/bhebfad-25-memeo-2/lessons/592809
📄 Найдено материалов: 2
  ✅ Рабочая программа дисциплины
  ✅ Критерии оценивания по дисциплине «Мировая экономика и международные экономические отношения»
🌐 https://netology.ru/profile/program/bhebfad-25-memeo-2/lessons/592809/lesson_items/3194624
⏳ Ждём загрузку ресурсов...
✅ PDF: 58249 символов
🌐 https://netology.ru/profile/program/bhebfad-25-memeo-2/lessons/592809/lesson_items/3194625
⏳ Ждём загрузку ресурсов...
🌐 https://netology.ru/profile/program/bhebfad-25-memeo-2/lessons/592810
📄 Найдено материалов: 3
  ✅ Тема 1 «Мировая экономика и ее основные субъекты. Международное разделение труда как материальная основа мировой экономики» (часть 1)
  ✅ Тема 1 «Мировая экономика и ее основные субъекты. Международное разделение труда как материальная основа мировой экономики» (часть 2)
  ✅ ТЕМА 1. Вопросы для самоконтроля
🌐 https://netology.ru/profile/program/bhebfad-25-memeo-2/lessons/592810/lesson_items/3194626
⏳ Ждём загрузку ресурсов...
🌐 https://netology.ru/profile/program/bhebfad-25-memeo-2/lessons/592810/lesson_items/3194627
⏳ Ждём загрузку ресурсов...
🌐 https://netology.ru/profile/program/bhebfad-25-memeo-2/lessons/592810/lesson_items/3194628
⏳ Ждём загрузку ресурсов...
🌐 https://netology.ru/profile/program/bhebfad-25-memeo-2/lessons/592811
📄 Найдено материалов: 2
  ✅ Тема 2 «Ресурсная база мирового хозяйства»
  ✅ ТЕМА 2. Вопросы для самоконтроля
🌐 https://netology.ru/profile/program/bhebfad-25-memeo-2/lessons/592811/lesson_items/3194632
⏳ Ждём загрузку ресурсов...
🌐 https://netology.ru/profile/program/bhebfad-25-memeo-2/lessons/592811/lesson_items/3194633
⏳ Ждём загрузку ресурсов...
🌐 https://netology.ru/profile/program/bhebfad-25-memeo-2/lessons/592812
📄 Найдено материалов: 2
  ✅ Тема 3 «Неравномерность экономического развития стран в мировой экономике»
  ✅ ТЕМА 3. Вопросы для самоконтроля
🌐 https://netology.ru/profile/program/bhebfad-25-memeo-2/lessons/592812/lesson_items/3194637
⏳ Ждём загрузку ресурсов...
🌐 https://netology.ru/profile/program/bhebfad-25-memeo-2/lessons/592812/lesson_items/3194638
⏳ Ждём загрузку ресурсов...
🌐 https://netology.ru/profile/program/bhebfad-25-memeo-2/lessons/592813
📄 Найдено материалов: 2
  ✅ ТЕМА 4. Вопросы для самоконтроля
  ✅ Тема 4 «Международные экономические отношения и их современные формы»
🌐 https://netology.ru/profile/program/bhebfad-25-memeo-2/lessons/592813/lesson_items/3194642
⏳ Ждём загрузку ресурсов...
🌐 https://netology.ru/profile/program/bhebfad-25-memeo-2/lessons/592813/lesson_items/3194644
⏳ Ждём загрузку ресурсов...
🌐 https://netology.ru/profile/program/bhebfad-25-memeo-2/lessons/592814
📄 Найдено материалов: 2
  ✅ Тема 5 «Современный мировой рынок, его структура, конъюнктура. Ценообразование на мировых товарных рынках»
  ✅ ТЕМА 5. Вопросы для самоконтроля
🌐 https://netology.ru/profile/program/bhebfad-25-memeo-2/lessons/592814/lesson_items/3194647
⏳ Ждём загрузку ресурсов...
🌐 https://netology.ru/profile/program/bhebfad-25-memeo-2/lessons/592814/lesson_items/3194648
⏳ Ждём загрузку ресурсов...
🌐 https://netology.ru/profile/program/bhebfad-25-memeo-2/lessons/592815
📄 Найдено материалов: 2
  ✅ Тема 6 «Международная торговля и ее регулирование»
  ✅ ТЕМА 6. Вопросы для самоконтроля
🌐 https://netology.ru/profile/program/bhebfad-25-memeo-2/lessons/592815/lesson_items/3194652
⏳ Ждём загрузку ресурсов...