/mnt/c/Users/golys/OneDrive/Рабочий стол/Study_automatization/Тесты/explore_structure.py:129: SyntaxWarning: invalid escape sequence '\/'
  programs = await scraper.page.evaluate("""
🍪 Cookies загружены
✅ Уже авторизованы

============================================================
🔍 Исследование профиля
============================================================
🌐 https://netology.ru/profile
📚 Найдено программ: 4
  Вы остановились:•2 чДомашнее творческое задание 1 курс, 2 семестр: Мировая экономика и международные экономические отношенияПродолжить (bhebfad-25-memeo-2)
  Ответ экспертаЗачётДомашнее заданиеЭссе. Дедлайн 12.05.2026 (bhebfad-25-fil-2)
  Бакалавриат «Финансы и анализ данных» c Финансовым университетом (bhebfad-25)
  Основы анализа данных в SQL, Python, Power BI, DataLens (spdata-1)

============================================================
🔍 Глубокое исследование: bhebfad-25-memeo-2
============================================================
🔍 Программа/модуль: bhebfad-25-memeo-2
🌐 https://netology.ru/profile/program/bhebfad-25-memeo-2/schedule
📚 Найдено разделов (legacy): 42
  ✅ Рабочая программа дисциплины (id: 592809)
  ✅ Тема 1 «Мировая экономика и ее основные субъекты. Международное разделение труда как материальная основа мировой экономики» (id: 592810)
  ✅ Тема 2 «Ресурсная база мирового хозяйства» (id: 592811)
  ✅ Тема 3 «Неравномерность экономического развития стран в мировой экономике» (id: 592812)
  ✅ Тема 4 «Международные экономические отношения и их современные формы» (id: 592813)
  ✅ Тема 5 «Современный мировой рынок, его структура, конъюнктура. Ценообразование на мировых товарных рынках» (id: 592814)
  ✅ Тема 6 «Международная торговля и ее регулирование» (id: 592815)
  ✅ Тема 7 «Международное движение факторов производства» (id: 592816)
  ✅ Тема 8 «Валютные отношения в мировой экономике» (id: 592817)
  ✅ Тема 9 «Международная экономическая интеграция» (id: 592818)
  ✅ Тема 10 «Международные экономические организации и участие России в их деятельности» (id: 592819)
  ✅ Домашнее задание 1 (id: 594465)
  ✅ Домашнее задание 2 (id: 594475)
  ✅ Домашнее задание 3 (id: 595076)
  ✅ Домашнее задание 4 (id: 595077)
  ✅ Домашнее задание 5 (id: 595086)
  ✅ Домашнее задание 6 (id: 595087)
  ✅ Домашнее задание 7 (id: 595088)
  ✅ Домашнее задание 8 (id: 595089)
  ✅ Домашнее задание 9 (id: 595090)
  ✅ Домашнее задание 10 (id: 595091)
  ✅ Вебинар 17.02 (id: 595092)
  ✅ Вебинар 19.02 (id: 594458)
  ✅ Вебинар 24.02 (id: 594473)
  ✅ Вебинар 05.03 (id: 595072)
  ✅ Вебинар 10.03 (id: 595073)
  ✅ Вебинар 17.03 (id: 595074)
  ✅ Вебинар 24.03 (id: 595075)
  ✅ Вебинар 31.03 (id: 594454)
  ✅ Вебинар 07.04 (id: 595078)
  ✅ Вебинар 14.04 (id: 595079)
  ✅ Вебинар 28.04 (id: 595080)
  ✅ Вебинар 05.05 (id: 595081)
  ✅ Вебинар 12.05 (id: 595082)
  🔒 Вебинар 19.05 (id: 595083)
  🔒 Вебинар 26.05 (id: 595084)
  🔒 Вебинар 02.06 (id: 595085)
  ✅ Домашнее творческое задание — Дедлайн 26.05 (id: 592820)
  🔒 Консультация перед экзаменом (id: 592821)
  🔒 Экзаменационный тест. Дедлайн — 17.06.2026 23:59 (id: 624668)
  🔒 Экзамен (id: 616976)
  🔒 Опрос по итогам дисциплины (id: 618064)
  📂 Рабочая программа дисциплины
🌐 https://netology.ru/profile/program/bhebfad-25-memeo-2/lessons/592809
📄 Найдено материалов: 2
  ✅ Рабочая программа дисциплины
  ✅ Критерии оценивания по дисциплине «Мировая экономика и международные экономические отношения»
🌐 https://netology.ru/profile/program/bhebfad-25-memeo-2/lessons/592809/lesson_items/3194624
⏳ Ждём загрузку ресурсов...
✅ PDF: 58249 символов
🌐 https://netology.ru/profile/program/bhebfad-25-memeo-2/lessons/592809/lesson_items/3194625
⏳ Ждём загрузку ресурсов...
  📂 Тема 1 «Мировая экономика и ее основные субъекты. Международное разделение труда как материальная основа мировой экономики»
🌐 https://netology.ru/profile/program/bhebfad-25-memeo-2/lessons/592810
📄 Найдено материалов: 3
  ✅ Тема 1 «Мировая экономика и ее основные субъекты. Международное разделение труда как материальная основа мировой экономики» (часть 1)
  ✅ Тема 1 «Мировая экономика и ее основные субъекты. Международное разделение труда как материальная основа мировой экономики» (часть 2)
  ✅ ТЕМА 1. Вопросы для самоконтроля
🌐 https://netology.ru/profile/program/bhebfad-25-memeo-2/lessons/592810/lesson_items/3194626
⏳ Ждём загрузку ресурсов...
🎬 M3U8: https://kinescope.io/62b26330-f928-4c0b-be33-453e01421ec6/media.m3u8?quality=720...
🌐 https://netology.ru/profile/program/bhebfad-25-memeo-2/lessons/592810/lesson_items/3194627
⏳ Ждём загрузку ресурсов...
🎬 MP4: https://edge-msk-8.kinescopecdn.net/3b9ece5c-5b26-4d61-8721-2b9d2c7f14d8/videos/...
🌐 https://netology.ru/profile/program/bhebfad-25-memeo-2/lessons/592810/lesson_items/3194628
⏳ Ждём загрузку ресурсов...
  📂 Тема 2 «Ресурсная база мирового хозяйства»
🌐 https://netology.ru/profile/program/bhebfad-25-memeo-2/lessons/592811
📄 Найдено материалов: 2
  ✅ Тема 2 «Ресурсная база мирового хозяйства»
  ✅ ТЕМА 2. Вопросы для самоконтроля
🌐 https://netology.ru/profile/program/bhebfad-25-memeo-2/lessons/592811/lesson_items/3194632
⏳ Ждём загрузку ресурсов...
🎬 MP4: https://edge-msk-11.kinescopecdn.net/3b9ece5c-5b26-4d61-8721-2b9d2c7f14d8/videos...
🌐 https://netology.ru/profile/program/bhebfad-25-memeo-2/lessons/592811/lesson_items/3194633
⏳ Ждём загрузку ресурсов...
  📂 Тема 3 «Неравномерность экономического развития стран в мировой экономике»
🌐 https://netology.ru/profile/program/bhebfad-25-memeo-2/lessons/592812
📄 Найдено материалов: 2
  ✅ Тема 3 «Неравномерность экономического развития стран в мировой экономике»
  ✅ ТЕМА 3. Вопросы для самоконтроля
🌐 https://netology.ru/profile/program/bhebfad-25-memeo-2/lessons/592812/lesson_items/3194637
⏳ Ждём загрузку ресурсов...
🎬 M3U8: https://kinescope.io/1daa6e3b-3fd8-464c-bebd-1730a11a6bc3/master.m3u8?expires=17...
🌐 https://netology.ru/profile/program/bhebfad-25-memeo-2/lessons/592812/lesson_items/3194638