🍪 Cookies загружены
✅ Уже авторизованы
=== Сбор структуры bhebfad-25 ===
🌐 https://netology.ru/profile/program/bhebfad-25/schedule
📚 Найдено разделов: 23
  ✅ Адаптационный модуль для бакалавриата «Финансы и анализ данных» (program: bhebfad-25-am-1)
  ✅ Опрос про обучение в бакалавриате (program: bhebfad-25-opros-1)
  ✅ 1 курс, 2 семестр: Введение в специальность (program: bhebfad-25-vvs-2)
  ✅ 1 курс, 2 семестр: Теория вероятностей и математическая статистика в профессиональной деятельности (program: bhebfad-25-tv-2)
  ✅ 1 курс, 2 семестр: Безопасность жизнедеятельности (program: bhebfad-25-bzhd-2)
  ✅ 1 курс, 2 семестр: Иностранный язык (program: bhebfad-25-iya-2)
  ✅ 1 курс, 2 семестр: Философия (program: bhebfad-25-fil-2)
  ✅ 1 курс, 2 семестр: Логика. Теория аргументации (program: bhebfad-25-lta-2)
  ✅ 1 курс, 2 семестр: Основы российской государственности (program: bhebfad-25-org-2)
  ✅ 1 курс, 2 семестр: Экономическая теория (program: bhebfad-25-et-2)
  ✅ 1 курс, 2 семестр: История экономических учений (program: bhebfad-25-ieu-2)
  ✅ 1 курс, 2 семестр: Мировая экономика и международные экономические отношения (program: bhebfad-25-memeo-2)
  ✅ 1 курс, 2 семестр: Учебно-научный семинар (program: bhebfad-25-uns-2)
  ✅ 1 курс, 2 семестр: Политология (program: bhebfad-25-pol-2)
  ✅ 1 курс, 1 семестр: Элементы высшей математики (program: bhebfad-25-evm-1)
  ✅ 1 курс, 1 семестр: Структуры данных и алгоритмы (program: bhebfad-25-sda-1)
  ✅ 1 курс, 1 семестр: IT-системы в экономике (program: bhebfad-25-isve-1)
  ✅ 1 курс, 1 семестр: Экономическая теория (program: bhebfad-25-et-1)
  ✅ 1 курс, 1 семестр: Финансовый университет: история и современность (program: bhebfad-25-fuis-1)
  ✅ 1 курс, 1 семестр: Иностранный язык (program: bhebfad-25-iya-1)
  ✅ 1 курс, 1 семестр: Физическая культура и спорт (program: bhebfad-25-fks-1)
  ✅ 1 курс, 1 семестр: Основы права (program: bhebfad-25-op-1)
  ✅ 1 курс, 1 семестр: История России (program: bhebfad-25-ir-1)
Программа: 
Всего дисциплин/разделов: 23

✅ Адаптационный модуль для бакалавриата «Финансы и анализ данных»
   program_id: bhebfad-25-am-1
✅ Опрос про обучение в бакалавриате
   program_id: bhebfad-25-opros-1
✅ 1 курс, 2 семестр: Введение в специальность
   program_id: bhebfad-25-vvs-2
✅ 1 курс, 2 семестр: Теория вероятностей и математическая статистика в профессиональной деятельности
   program_id: bhebfad-25-tv-2
✅ 1 курс, 2 семестр: Безопасность жизнедеятельности
   program_id: bhebfad-25-bzhd-2
✅ 1 курс, 2 семестр: Иностранный язык
   program_id: bhebfad-25-iya-2
✅ 1 курс, 2 семестр: Философия
   program_id: bhebfad-25-fil-2
✅ 1 курс, 2 семестр: Логика. Теория аргументации
   program_id: bhebfad-25-lta-2
✅ 1 курс, 2 семестр: Основы российской государственности
   program_id: bhebfad-25-org-2
✅ 1 курс, 2 семестр: Экономическая теория
   program_id: bhebfad-25-et-2
✅ 1 курс, 2 семестр: История экономических учений
   program_id: bhebfad-25-ieu-2
✅ 1 курс, 2 семестр: Мировая экономика и международные экономические отношения
   program_id: bhebfad-25-memeo-2
✅ 1 курс, 2 семестр: Учебно-научный семинар
   program_id: bhebfad-25-uns-2
✅ 1 курс, 2 семестр: Политология
   program_id: bhebfad-25-pol-2
✅ 1 курс, 1 семестр: Элементы высшей математики
   program_id: bhebfad-25-evm-1
✅ 1 курс, 1 семестр: Структуры данных и алгоритмы
   program_id: bhebfad-25-sda-1
✅ 1 курс, 1 семестр: IT-системы в экономике
   program_id: bhebfad-25-isve-1
✅ 1 курс, 1 семестр: Экономическая теория
   program_id: bhebfad-25-et-1
✅ 1 курс, 1 семестр: Финансовый университет: история и современность
   program_id: bhebfad-25-fuis-1
✅ 1 курс, 1 семестр: Иностранный язык
   program_id: bhebfad-25-iya-1
✅ 1 курс, 1 семестр: Физическая культура и спорт
   program_id: bhebfad-25-fks-1
✅ 1 курс, 1 семестр: Основы права
   program_id: bhebfad-25-op-1
✅ 1 курс, 1 семестр: История России
   program_id: bhebfad-25-ir-1
🍪 Cookies сохранены
